........................................................................ [  7%]
.....................................s.................................. [ 14%]
........................................................................ [ 21%]
..sssssssssssss......................................................... [ 28%]
........................................................................ [ 36%]
........................................................................ [ 43%]
.........................................................ssss........... [ 50%]
........................................................................ [ 57%]
........................................................................ [ 64%]
..............................sssss..................................... [ 72%]
.........................s.......sssssssss.............................. [ 79%]
............................ssssss...........................ss......... [ 86%]
.............................sss..............................s........s [ 93%]
ss..............................................................         [100%]
============================== warnings summary ===============================
D:\pythonProject\outsource\StarChat\.venv\Lib\site-packages\fastapi\testclient.py:1
  D:\pythonProject\outsource\StarChat\.venv\Lib\site-packages\fastapi\testclient.py:1: StarletteDeprecationWarning: Using `httpx` with `starlette.testclient` is deprecated; install `httpx2` instead.
    from starlette.testclient import TestClient as TestClient  # noqa

-- Docs: https://docs.pytest.org/en/stable/how-to/capture-warnings.html
============================= slowest 5 durations =============================
6.85s setup    tests/business_api/moments/test_moment_poster_cache_contract.py::test_completed_poster_cache_identity_matches_published_dto
6.60s setup    tests/business_api/moments/test_moment_draft_get_cas.py::test_reopened_get_video_draft_publish_then_compare_clear
6.10s setup    tests/business_api/moments/test_moment_poster_cache_contract.py::test_poster_limit_error_describes_its_actual_upload_limit
5.83s setup    tests/business_api/moments/test_moment_draft_get_cas.py::test_owned_image_identity_equivalence_keeps_media_order_exact
5.65s setup    tests/business_api/moments/test_moment_draft_get_cas.py::test_get_snapshot_cannot_clear_newer_metadata_or_foreign_video
952 passed, 48 skipped, 1 warning in 662.83s (0:11:02)
