........................................................................ [  6%]
........................................................................ [ 12%]
........................................................................ [ 19%]
................s....................................................... [ 25%]
........................................................................ [ 32%]
........................................................................ [ 38%]
........................................................................ [ 45%]
........................................................................ [ 51%]
......................................sssssssss..............ssssssss... [ 58%]
........................................................................ [ 64%]
.......................................................s................ [ 71%]
........................................................................ [ 77%]
..................................................................s..... [ 83%]
...............sssss.................................................... [ 90%]
......sss............................................................... [ 96%]
...................................                                      [100%]
============================== warnings summary ===============================
D:\pythonProject\outsource\StarChat\.venv\Lib\site-packages\fastapi\testclient.py:1
  D:\pythonProject\outsource\StarChat\.venv\Lib\site-packages\fastapi\testclient.py:1: StarletteDeprecationWarning: Using `httpx` with `starlette.testclient` is deprecated; install `httpx2` instead.
    from starlette.testclient import TestClient as TestClient  # noqa

-- Docs: https://docs.pytest.org/en/stable/how-to/capture-warnings.html
============================= slowest 5 durations =============================
41.71s setup    tests/business_api/groups/test_synapse_transfer_integration.py::test_real_synapse_lost_response_review_does_not_resend
39.10s setup    tests/business_api/groups/test_synapse_transfer_integration.py::test_real_synapse_lost_response_survives_database_reopen
36.43s setup    tests/business_api/groups/test_synapse_transfer_integration.py::test_real_synapse_transfer_coordination
30.35s call     tests/business_api/media_platform_readiness/test_scale_simulation.py::test_scenario_001_one_million_references_are_queryable
16.11s call     tests/business_api/media_platform_readiness/test_scale_simulation.py::test_scenario_003_gc_handles_a_large_orphan_backlog
1087 passed, 28 skipped, 1 warning in 904.89s (0:15:04)
