........................................................................ [  7%]
........................................................................ [ 14%]
........................................................................ [ 21%]
.........................s.............................................. [ 28%]
s....................................................................... [ 35%]
........................................................................ [ 42%]
........................................................................ [ 50%]
........................................................................ [ 57%]
........................................................................ [ 64%]
........................................................................ [ 71%]
........................................................................ [ 78%]
....s.............................................ss.................... [ 85%]
..............................................................sss....... [ 92%]
.s.s.................................................................... [100%]
============================== warnings summary ===============================
D:\pythonProject\outsource\StarChat\.venv\Lib\site-packages\fastapi\testclient.py:1
  D:\pythonProject\outsource\StarChat\.venv\Lib\site-packages\fastapi\testclient.py:1: StarletteDeprecationWarning: Using `httpx` with `starlette.testclient` is deprecated; install `httpx2` instead.
    from starlette.testclient import TestClient as TestClient  # noqa

-- Docs: https://docs.pytest.org/en/stable/how-to/capture-warnings.html
============================= slowest 5 durations =============================
7.42s setup    tests/business_api/moments/test_moment_video_posters.py::test_poster_old_signed_url_rechecks_live_visibility[delete]
6.83s call     tests/business_api/media_platform_readiness/test_benchmarks.py::test_benchmark_004_gc_with_ten_thousand_references
6.51s setup    tests/business_api/moments/test_moment_video_posters.py::test_old_video_without_poster_remains_compatible
6.41s setup    tests/business_api/moments/test_moment_video_posters.py::test_poster_token_cannot_rebind_upload_to_another_owner
6.41s setup    tests/business_api/moments/test_moment_video_posters.py::test_completed_upload_has_durable_ref_and_expired_url_can_still_publish
998 passed, 10 skipped, 1 warning in 851.86s (0:14:11)
