....................sss...................................s............. [  5%]
.............................................s.......................... [ 11%]
........................................................................ [ 16%]
........................................................................ [ 22%]
........................................................................ [ 27%]
.................ssss..................s..........................ss.... [ 33%]
........................................................................ [ 38%]
........................................................................ [ 44%]
........................................................................ [ 50%]
........................................................................ [ 55%]
........................................................................ [ 61%]
........................................................................ [ 66%]
........................................................................ [ 72%]
.....................................sssssssssssss................s..... [ 77%]
............s........................................................... [ 83%]
........................................................................ [ 88%]
.....s....................................s........s..........s......... [ 94%]
........................................................................ [100%]
============================== warnings summary ===============================
D:\pythonProject\outsource\StarChat\.venv\Lib\site-packages\fastapi\testclient.py:1
  D:\pythonProject\outsource\StarChat\.venv\Lib\site-packages\fastapi\testclient.py:1: StarletteDeprecationWarning: Using `httpx` with `starlette.testclient` is deprecated; install `httpx2` instead.
    from starlette.testclient import TestClient as TestClient  # noqa

-- Docs: https://docs.pytest.org/en/stable/how-to/capture-warnings.html
1265 passed, 31 skipped, 1 warning in 189.41s (0:03:09)
