Flutter assets will be downloaded from https://storage.flutter-io.cn. Make sure you trust this source!
00:00 +0: loading D:/pythonProject/outsource/StarChat/docs/verification/artifacts/2026-09-06/glm-recheck/search_ui_regression_test.dart
00:00 +0: ordinary uncancelled debounce must return the actual result
00:00 +0 -1: ordinary uncancelled debounce must return the actual result [E]
  Expected: false
    Actual: <true>
  
  package:matcher                                                                               expect
  package:flutter_test/src/widget_tester.dart 473:18                                            expect
  ..\..\docs\verification\artifacts\2026-09-06\glm-recheck\search_ui_regression_test.dart 19:5  main.<fn>
  
00:00 +0 -1: superseded debounce must not leave an extra query timer alive
00:00 +0 -2: superseded debounce must not leave an extra query timer alive [E]
  Expected: <1>
    Actual: <2>
  
  package:matcher                                                                               expect
  package:flutter_test/src/widget_tester.dart 473:18                                            expect
  ..\..\docs\verification\artifacts\2026-09-06\glm-recheck\search_ui_regression_test.dart 32:5  main.<fn>
  
00:00 +0 -2: scrolling the real search page loads results after the first 50
══╡ EXCEPTION CAUGHT BY FLUTTER TEST FRAMEWORK ╞════════════════════════════════════════════════════
The following TestFailure was thrown running a test:
Expected: a value greater than <1>
  Actual: <1>
   Which: is not a value greater than <1>

When the exception was thrown, this was the stack:
#4      main.<anonymous closure> (file:///D:/pythonProject/outsource/StarChat/docs/verification/artifacts/2026-09-06/glm-recheck/search_ui_regression_test.dart:49:5)
<asynchronous suspension>
#5      testWidgets.<anonymous closure>.<anonymous closure> (package:flutter_test/src/widget_tester.dart:192:15)
<asynchronous suspension>
#6      TestWidgetsFlutterBinding._runTestBody (package:flutter_test/src/binding.dart:1952:5)
<asynchronous suspension>
<asynchronous suspension>
(elided one frame from package:stack_trace)

This was caught by the test expectation on the following line:
  file:///D:/pythonProject/outsource/StarChat/docs/verification/artifacts/2026-09-06/glm-recheck/search_ui_regression_test.dart line 49
The test description was:
  scrolling the real search page loads results after the first 50
════════════════════════════════════════════════════════════════════════════════════════════════════
00:00 +0 -3: scrolling the real search page loads results after the first 50 [E]
  Test failed. See exception logs above.
  The test description was: scrolling the real search page loads results after the first 50
  
00:00 +0 -3: selecting an available calendar day actually requests a message jump
══╡ EXCEPTION CAUGHT BY FLUTTER TEST FRAMEWORK ╞════════════════════════════════════════════════════
The following TestFailure was thrown running a test:
Expected: non-empty
  Actual: []

When the exception was thrown, this was the stack:
#4      main.<anonymous closure> (file:///D:/pythonProject/outsource/StarChat/docs/verification/artifacts/2026-09-06/glm-recheck/search_ui_regression_test.dart:64:5)
<asynchronous suspension>
#5      testWidgets.<anonymous closure>.<anonymous closure> (package:flutter_test/src/widget_tester.dart:192:15)
<asynchronous suspension>
#6      TestWidgetsFlutterBinding._runTestBody (package:flutter_test/src/binding.dart:1952:5)
<asynchronous suspension>
<asynchronous suspension>
(elided one frame from package:stack_trace)

This was caught by the test expectation on the following line:
  file:///D:/pythonProject/outsource/StarChat/docs/verification/artifacts/2026-09-06/glm-recheck/search_ui_regression_test.dart line 64
The test description was:
  selecting an available calendar day actually requests a message jump
════════════════════════════════════════════════════════════════════════════════════════════════════
00:01 +0 -4: selecting an available calendar day actually requests a message jump [E]
  Test failed. See exception logs above.
  The test description was: selecting an available calendar day actually requests a message jump
  
00:01 +0 -4: media filter renders media grid rather than ordinary message rows
══╡ EXCEPTION CAUGHT BY FLUTTER TEST FRAMEWORK ╞════════════════════════════════════════════════════
The following TestFailure was thrown running a test:
Expected: exactly one matching candidate
  Actual: _TypeWidgetFinder:<Found 0 widgets with type "GridView": []>
   Which: means none were found but one was expected

When the exception was thrown, this was the stack:
#4      main.<anonymous closure> (file:///D:/pythonProject/outsource/StarChat/docs/verification/artifacts/2026-09-06/glm-recheck/search_ui_regression_test.dart:74:5)
<asynchronous suspension>
#5      testWidgets.<anonymous closure>.<anonymous closure> (package:flutter_test/src/widget_tester.dart:192:15)
<asynchronous suspension>
#6      TestWidgetsFlutterBinding._runTestBody (package:flutter_test/src/binding.dart:1952:5)
<asynchronous suspension>
<asynchronous suspension>
(elided one frame from package:stack_trace)

This was caught by the test expectation on the following line:
  file:///D:/pythonProject/outsource/StarChat/docs/verification/artifacts/2026-09-06/glm-recheck/search_ui_regression_test.dart line 74
The test description was:
  media filter renders media grid rather than ordinary message rows
════════════════════════════════════════════════════════════════════════════════════════════════════
00:01 +0 -5: media filter renders media grid rather than ordinary message rows [E]
  Test failed. See exception logs above.
  The test description was: media filter renders media grid rather than ordinary message rows
  
00:01 +0 -5: Some tests failed.

Failing tests:
  D:/pythonProject/outsource/StarChat/docs/verification/artifacts/2026-09-06/glm-recheck/search_ui_regression_test.dart: media filter renders media grid rather than ordinary message rows
  D:/pythonProject/outsource/StarChat/docs/verification/artifacts/2026-09-06/glm-recheck/search_ui_regression_test.dart: ordinary uncancelled debounce must return the actual result
  D:/pythonProject/outsource/StarChat/docs/verification/artifacts/2026-09-06/glm-recheck/search_ui_regression_test.dart: scrolling the real search page loads results after the first 50
  D:/pythonProject/outsource/StarChat/docs/verification/artifacts/2026-09-06/glm-recheck/search_ui_regression_test.dart: selecting an available calendar day actually requests a message jump
  D:/pythonProject/outsource/StarChat/docs/verification/artifacts/2026-09-06/glm-recheck/search_ui_regression_test.dart: superseded debounce must not leave an extra query timer alive
