...........................................ssss......................... [  2%]
...............ssssssssssssssssssssss................................... [  4%]
........................................................................ [  6%]
........................................................................ [  9%]
........................................................................ [ 11%]
.....................sss....................sss......................... [ 13%]
........................................................................ [ 16%]
....ssssssss............................................................ [ 18%]
..s..................................................................... [ 20%]
........................................................................ [ 23%]
........................................................................ [ 25%]
........................................................................ [ 27%]
........................................................................ [ 30%]
........................................................................ [ 32%]
........................................................................ [ 34%]
........................................................................ [ 36%]
........................................................................ [ 39%]
........................................................................ [ 41%]
.............................................................s.......... [ 43%]
........................ss.......ssssss................................. [ 46%]
........................................................................ [ 48%]
......................................s................................. [ 50%]
........................................................................ [ 53%]
........s............................................................... [ 55%]
...............................sss.....sssss.s.......................... [ 57%]
...................................ss................................... [ 60%]
........................................................................ [ 62%]
.....................................sss................................ [ 64%]
...s..........................................................s......... [ 67%]
........................................................................ [ 69%]
........................................................................ [ 71%]
........................................................................ [ 73%]
..................................ssss..................s............... [ 76%]
...........ss........................................................... [ 78%]
........................................................................ [ 80%]
........................................................................ [ 83%]
........................................................................ [ 85%]
........................................................................ [ 87%]
........................................................................ [ 90%]
...................................ss..........s................s....... [ 92%]
........................................................................ [ 94%]
........................................................s............... [ 97%]
.....................s........s..........s.............................. [ 99%]
...................                                                      [100%]
============================== warnings summary ===============================
D:\pythonProject\outsource\StarChat\.venv\Lib\site-packages\fastapi\testclient.py:1
  D:\pythonProject\outsource\StarChat\.venv\Lib\site-packages\fastapi\testclient.py:1: StarletteDeprecationWarning: Using `httpx` with `starlette.testclient` is deprecated; install `httpx2` instead.
    from starlette.testclient import TestClient as TestClient  # noqa

-- Docs: https://docs.pytest.org/en/stable/how-to/capture-warnings.html
3032 passed, 83 skipped, 1 warning in 2509.89s (0:41:49)
