Offline recovery browser interaction: PASS
✔ scripts\offline-recovery-browser-test.mjs (2846.1734ms)
✔ administrator user search keeps contact terms in JSON body with bound session headers (28.5388ms)
✔ admin module reads encode literal user search and opaque cursor without replacing bearer (1.4293ms)
✔ admin errors preserve structured handover evidence for actionable feedback (1.003ms)
✔ session expiry emits once per failed request; permission denial and stale responses do not (1.584ms)
✔ admin API sends bearer token and parses permissions (0.7656ms)
✔ admin API normalizes forbidden response as authorization error (1.9997ms)
✔ admin API context defaults to empty collections without fixtures (0.3684ms)
✔ admin API performs official login and module reads (1.5802ms)
✔ admin API sends an idempotency header for direct admin commands (0.8247ms)
✔ admin finance command posts a two-decimal direct grant payload (0.7878ms)
✔ module heading appends a heading node instead of stringifying it (14.1983ms)
✔ admin finance form exposes a direct point-grant flow rather than an application ID (0.9989ms)
✔ admin API unwraps production error envelopes (0.6593ms)
✔ network failure has a safe localized error and never replays a password command (0.2794ms)
✔ chain queries preserve exact strings, filters and authentication (33.0949ms)
✔ chain outage remains an error instead of becoming an empty list (2.6354ms)
✔ chain repair entry asks for grant and opens only after a second click (7.6289ms)
✔ chain absolute times and filter serialization use Beijing time in every browser timezone (3.3209ms)
✔ chain panel uses stable pages, renders exact amount and fetches detail (1.8649ms)
✔ chain panel exposes query outage and retry without fictitious empty records (0.6892ms)
✔ late detail response cannot overwrite a later selected transaction (1.2116ms)
✔ ledger and conflicting evidence remain distinct in chain rows and detail (1.2261ms)
✔ only allocated payout is displayed as settled; unknown linkage stays unverified (0.8522ms)
✔ global chain refresh preserves filters page rows and selected detail on failure and refetches on recovery (1.7303ms)
✔ chain detail refresh failure retains prior detail and reports false without discarding refreshed rows (1.5702ms)
✔ late refreshed chain detail cannot replace a newer selection and duplicate refresh is blocked (2.2157ms)
✔ validated deposit needs explicit submission and refreshes the current chain page after execution (5.0987ms)
✔ blocked preview explains the blocker and cannot submit a deposit command (1.571ms)
✔ recovered executed operation refreshes the chain page without replaying it (3.1797ms)
✔ executed deposit survives local journal cleanup and reports a failed list refresh separately (2.0487ms)
✔ ledger scene and distribution stay separate and missing reason is explicit (1.778ms)
✔ ledger API preserves combined search and cursor, no email response assumptions (1.3224ms)
✔ staff navigation excludes administrator USDT wallet without broadening permissions (1.6231ms)
✔ shared password entry is only shown for a pure staff management identity (0.2928ms)
✔ point totals preserve cents beyond JavaScript safe integer (0.295ms)
✔ trend uses real values, scales peaks and handles zero and single points (0.374ms)
✔ one refresh joins repeated clicks and isolates partial failures (0.3288ms)
✔ absolute times have fixed Beijing calendar format across timezone offsets (2.44ms)
✔ datetime-local filters mean Beijing regardless of the browser timezone (0.3387ms)
✔ identities and technical codes have readable labels without object coercion (0.2922ms)
✔ management loading state centers a branded icon and accessible status (3.066ms)
✔ ink-and-silver login presents the four approved poem lines (5.778ms)
✔ one page has only administrator and staff modes; routine staff login needs no captcha (2.2021ms)
✔ staff activation is offered only after the precise login response and uses its own captcha (2.4808ms)
✔ a pending administrator captcha response cannot disable the staff form (0.608ms)
✔ a late captcha image error cannot disable staff password login (1.2195ms)
✔ challenge visible, refresh clears stale answer, failed refresh disables login (1.044ms)
✔ duplicate submit blocked and secrets cleared; actual error preserved with fresh challenge (1.3489ms)
✔ session dialog is modal and re-login only follows explicit action (0.4365ms)
✔ other staff denials do not expose activation and mode switch clears the current password (1.3314ms)
✔ activation challenge expiry and page leave close the dialog before credentials can be reused (1.2528ms)
✔ manual deposit case API uses the frozen case endpoints and idempotency keys (3.8764ms)
✔ repair dialog exposes a separate manual case entry rather than accepting an operator supplied user (0.2177ms)
✔ manual case flow uses context attribution, records approval, previews, and only then executes (10.9488ms)
✔ reopened unknown manual case operation only queries its saved operation and never replays it (1.1567ms)
✔ saved operation is queried before blocked context and an executed case has no decision or write controls (0.8586ms)
✔ missing or corrupted journal storage closes manual-case writes (0.6673ms)
✔ saved manual case without an owner identity cannot expose write controls (0.7581ms)
✔ unknown create keeps its stable journal and never auto-submits a new key (0.945ms)
✔ saved case is read before a credited context blocker and decision never posts when persistence fails (1.2756ms)
✔ completed credit stays final when the list refresh returns false (2.5535ms)
✔ unknown create retry uses its saved key once while the request is pending (1.033ms)
✔ case selection query failure is handled in the dialog and can be retried (1.6757ms)
✔ approval double click posts exactly one decision (0.8084ms)
✔ rejected case reopens context before offering a new case (0.837ms)
✔ operation 404 re-previews and keeps the original operation id for execute (0.7669ms)
✔ wallet access endpoints are no-store and verification sends only explicit proof (29.0648ms)
✔ manual payout reads use actual admin routes and encode cursors (1.0215ms)
✔ manual payout claim retry preserves caller key and exact digest (1.0659ms)
✔ candidate submission and correction remain distinct from settlement (1.5929ms)
✔ every manual payout command rejects a missing stable key before network access (0.7532ms)
✔ administrator MFA uses shared identity routes (1.9613ms)
✔ bootstrap drains history silently and persists opaque cursor per actor; live new orders alone count (6.2623ms)
✔ network interruption recovers, forbidden stops, and disposed request cannot notify (4.0403ms)
✔ feed retries failed consumer and ignores late rejection after dispose (0.5141ms)
✔ invalid saved cursor rebaselines silently and close dismisses without marking unread (1.1526ms)
✔ empty baseline survives reload and unread survives reload without replay toast (0.8615ms)
✔ ledger API items render as readable ordered table cells (1.5392ms)
✔ wallet API items retain masked address instead of stringifying an object (0.7346ms)
✔ explicit field mapping ignores insertion order and unknown fields (0.3448ms)
✔ analytics uses actual username nickname verification timestamp and status (0.2325ms)
✔ directory writes use PUT and the ID path, never pass entry_id in body (1.9738ms)
✔ case and directory reload buttons invoke the API again (11.7882ms)
✔ completion awaiting approval explicitly remains uncredited (2.9107ms)
✔ recharge panel renders pending cases with stale-marked reference rate and disclaimers (2.7364ms)
✔ bind submits adjustment id with idempotency key; empty id is rejected locally (2.6643ms)
✔ complete registration surfaces authoritative reply instead of assuming success (2.7634ms)
✔ reject offers standard reasons and defaults to overdue payment with idempotency (2.4331ms)
✔ directory upsert requires fields and supports update-by-id (1.9547ms)
✔ review queue shows occupied bindings; retry and evidence-gated release call review endpoint (3.6778ms)
✔ real admin API implements review queue, history, timeline and review commands (1.1542ms)
✔ review queue network failures are not rendered as an empty queue (1.3416ms)
✔ late history response cannot replace a newer explicit refresh (1.0516ms)
✔ history section paginates with cursor and disables next page when exhausted (1.0858ms)
✔ timeline retains only latest requested case and labels its identity (3.1848ms)
✔ late room result cannot append stale review buttons to current room (1.4763ms)
✔ intent review has one in-flight command and displays server stage (1.3252ms)
✔ transfer AdminApi paths encode IDs and propagate rejected review (0.5458ms)
✔ empty lookup does not invalidate an existing valid in-flight lookup (2.4596ms)
✔ other actor is read-only; unverified owned order cannot settle; forbidden heartbeat removes mutation (6.2513ms)
✔ late pending response cannot restore another actor actions and disposed panel cannot claim (2.12ms)
✔ overdue managed order needs explicit finance review claim and reason (3.8512ms)
✔ historical orders keep direct bind registration without unsupported claim (4.7272ms)
✔ independent administrator can approve a bound order without taking its claim (3.827ms)
✔ public recharge queue pages by opaque server cursor (1.4892ms)
✔ saved settlement displays its frozen rate and continues the same execution (3.8698ms)
✔ failed settlement preparation never executes or reports points credited (2.7111ms)
✔ managed settlement defaults to fresh reference and fixed-base percentage shortcuts with decimal previews (3.9195ms)
✔ managed awaiting-payment orders show automatic detection and cannot submit settlement (2.7661ms)
✔ unusable baseline is never invented {"fx_rate":null} (2.4013ms)
✔ unusable baseline is never invented {"fx_rate":"7.123456","fx_rate_stale":true} (1.895ms)
✔ decimal preview rounds half up without losing large integer precision (4.0779ms)
✔ missing actual receipt and invalid final rates cannot prepare a settlement (4.8602ms)
✔ settlement uses this load current FX snapshot, retaining historical order reference (2.976ms)
✔ ordinary staff workbench separates admin tools and gives clear selected filters (2.0337ms)
✔ user cell uses display identity and prominent processing action (1.4279ms)
✔ order detail dialog is removed on disposal and ignores delayed response (2.1984ms)
✔ recharge settlement inputs live inside an operation dialog, not in the table row (0.9569ms)
✔ settlement shortcut and manual drafts survive a list refresh (4.5539ms)
✔ late success of order A is never displayed inside order B operation dialog (1.7068ms)
✔ review dialog stays in review mode and keeps release draft after order refresh (1.8854ms)
✔ repair preview is a write intent and requires a fresh user submit after verification (9.5413ms)
✔ closing wallet repair also removes its detached manual case and sensitive evidence (1.5644ms)
✔ manual deposit case creation is blocked without grant and never auto replayed (4.1724ms)
✔ expired grant blocks repair execution before journal or API write (2.358ms)
✔ manual case decision preview and execution each require a live grant (3.202ms)
✔ deposit repair keeps a visible disabled confirmation and manual entry before and after a blocked preview (1.74ms)
✔ approved manual case keeps its case, amount, and creation rationale above the collapsed evidence (0.7746ms)
✔ unknown deposit execution disables manual entry and only leaves the original operation query (1.772ms)
✔ staff password login uses dedicated endpoint and the same in-memory session lifecycle (27.3322ms)
✔ staff shared-password change uses the bound management session and clears local access on success (0.8337ms)
✔ session bootstraps with protected cookie and coalesces refresh (0.4725ms)
✔ failed mutation response is never retried by session manager (0.2471ms)
✔ invalidating a session discards late refresh results (0.441ms)
✔ failed expired-cookie refresh clears the active session on check (0.6715ms)
✔ refresh cannot switch the identity underneath an existing page (1.5998ms)
✔ logout failure invalidates context and forbids implicit bootstrap of another cookie (1.3547ms)
✔ activation gateway sends credentials only to fixed same-origin purpose endpoints (1.1254ms)
✔ activation never automatically repeats a lost or denied request (0.5727ms)
✔ staff password dialog validates fields and returns to login after changing shared password (3.1339ms)
✔ password dialog rejects a mismatched confirmation without calling the API (1.2372ms)
✔ password dialog keeps new password editable on server rejection and clears old proof (0.3672ms)
✔ support command fields, action and feedback use their own layout regions (1.1423ms)
✔ support orders open real content without password setup or extra security requests (0.9889ms)
✔ support commands use actual encoded routes, token and idempotency (2.2193ms)
✔ notification cursor survives failure, deduplicates replay, skips hidden and stops on forbidden (0.6635ms)
✔ support-order verification uses its own scope and configured password schema (0.5033ms)
✔ independent approval methods call existing ledger review routes (0.3064ms)
✔ support panel sends defaults and amount as a string (9.5905ms)
✔ support search discards old replies and cancel removal makes no command (1.5309ms)
✔ support rows select grant targets and edit management values (0.9389ms)
✔ grant select writes target and keeps the same key after a failed retry (1.182ms)
✔ failed removal keeps the current table and reports an error (1.3953ms)
✔ pagination requests offset 25 and hides non-dispatchable options (0.5889ms)
✔ grant rejects malformed amounts locally without calling the API (1.0765ms)
✔ grant failure renders red error feedback with icon and success turns green (1.6762ms)
✔ manage form reports failures with error styling too (1.0609ms)
✔ expired unstarted payout uses explicit review claim via scoped API (12.6847ms)
✔ scoped payout API does not route through owner wallet commands (0.9858ms)
✔ payout has no instructions before explicit begin and drops writes on lost heartbeat (2.3626ms)
✔ expired started payout keeps evidence and reconciliation only, never a second payment (1.7552ms)
✔ unknown payment permits audited candidate correction without starting another payment (1.1712ms)
✔ payout A late completion cannot appear as payout B success (1.05ms)
✔ administrator directory shows exact contact and balance fields from its dedicated endpoint (33.6943ms)
✔ directory search and cursor navigation ignore a stale response (3.1435ms)
✔ failed directory search keeps the displayed page and offers explicit retry (1.9ms)
✔ permission loss clears previously displayed contacts and balances (1.2336ms)
✔ security uses Chinese selections and submits selected internal identity only on confirmation (34.064ms)
✔ server search and cursor pages never let an older response replace a newer query (4.6882ms)
✔ reauthentication preserves selection and never automatically submits the ban (3.4019ms)
✔ uncertain command result retains draft and cannot be retried (2.2157ms)
✔ read-only analytics displays exact user columns and no command controls (0.8752ms)
✔ failed next page preserves committed page and retry advances exactly once (2.5558ms)
✔ failed search keeps old query cursors for next page and retries the failed search explicitly (1.446ms)
✔ cached server access remains usable after five minutes but locks at fixed sixty minutes (4.4809ms)
✔ server status after refresh reuses remaining lifetime without extending deadline (0.312ms)
✔ unknown network status locks instead of showing stale balances (0.5033ms)
✔ cross-account and disposed late responses cannot unlock or deliver wallet reads (0.5452ms)
✔ authorization categories distinguish wallet expiry, global expiry and permission denial (0.5833ms)
✔ credential rotation retains explicit recent-login flow without locking ordinary valid grant (0.2887ms)
✔ invalid or replayed TOTP remains retryable wallet verification (0.4656ms)
✔ disabled feature preserves legacy behavior; verify never automatically invokes a command (0.8009ms)
✔ confirmed owner can read without grant while write intent verifies and requires a new submit (18.8287ms)
✔ wallet module rows are readable without grant but other modules are not allowlisted (2.4102ms)
✔ grant expiry discards write state but keeps confirmed owner read access (1.5629ms)
✔ server grant mode change rebuilds credential fields for legacy policy (1.1251ms)
✔ owner change removes prior wallet data and blocks later reads (1.218ms)
✔ failed wallet read clears stale owner data instead of showing cached balances (1.2955ms)
✔ raw read failure clears wallet data and detached content (2.2527ms)
✔ unexpected wallet read authorization denial clears prior owner data (3.6099ms)
✔ unconfigured owner view still polls for role revocation (0.9189ms)
✔ delayed verified access and focus rechecks never create a modal or obscure the page (0.7707ms)
✔ unverified or expired owner can read and opens the access dialog only for write intent (0.7031ms)
✔ disposed pending status cannot create access UI, and a network recheck removes sensitive content (0.858ms)
✔ local history dialog defaults to saving with explicit destructive delete (1.661ms)
✔ three tab more menus have the same fixed vertical commands (0.7269ms)
✔ menu exposes real semantic commands and disabled state (0.2518ms)
✔ top menu and conversation actions reuse the same surface (0.42ms)
✔ announcement demo exposes mixed images, pending decryption and invalid format (2.3477ms)
✔ username login and email registration dismiss keyboard on background tap (20.4904ms)
✔ avatar and moments reuse album and editor demo states (3.5964ms)
✔ UI_DESIGN uses the approved visible brand (16.3756ms)
✔ the internal logo asset name remains unchanged (4.9681ms)
✔ all approved HTML component mappings have contracts (0.772ms)
✔ component contracts use unique strict names and shallow signatures (1.2852ms)
✔ every declared component contract has a browser registration (23.059ms)
✔ legacy bridge routes iPhone to OTA and Android to its existing APK (1.1569ms)
✔ iPad desktop UA uses OTA, desktop and unknown browsers stay on choices (0.2761ms)
✔ no implicit install, no platform mismatch, no caller-controlled destinations (0.2547ms)
✔ blocked browser launch keeps the page and manual fallback usable (1.0616ms)
✔ finance chat catalog registers viewer red packet, receiver transfer and ledger states (1.1492ms)
✔ finance remediation registers approved ledger, shared picker and nudge-limit demos (6.9433ms)
✔ shared gradient divider token keeps the lower alpha and fading ends (10.8253ms)
✔ list surfaces paint the gradient divider instead of a solid border (2.0526ms)
✔ every demo list and card separator uses the shared gradient divider (3.106ms)
✔ chrome and control edges keep documented solid hairlines (2.8261ms)
✔ divider and brand tint tokens match the Flutter token layer (2.1849ms)
✔ app-divider is a registered component with a Flutter counterpart (3.2603ms)
✔ friend request verification frames are registered in the HTML demo (1.4183ms)
✔ group announcement and management states have reviewable demo screens (2.5901ms)
✔ Moments GIF and video selection and playback have demo screens (0.1954ms)
✔ announcement color, Moments warning and wallet copy match the requested presentation (6.4357ms)
✔ group name demo limits 12 Unicode graphemes after composition (35.055ms)
✔ homepage iOS link reaches the current installation page (1.3969ms)
✔ download page advertises the current IPA and retains OTA installation (9.3464ms)
✔ icon library provides a production-sized editable outline set (1.5681ms)
✔ image editor demo exposes distinct eraser and centered fixed emoji controls (4.4793ms)
✔ ledger demo keeps the verified detail hero, counterparty row and copy control (19.7114ms)
✔ manual incident actions use scoped operations routes and stable keys; reads use authenticated no-store (28.1804ms)
✔ server wallet grant omits repeated proof while keeping confirmation and original pending key (21.4644ms)
✔ wallet detail expiration candidate history and refresh status display complete Beijing dates (3.9281ms)
✔ current status check is read-only and requires no operation credential (2.5464ms)
✔ pause uses Chinese confirmation and retains original journal reason after response loss (1.47ms)
✔ refresh during a command waits and coalesces without replaying the command (2.0655ms)
✔ new pause records fixed reason and disposal releases waiting refresh without another read (1.2979ms)
✔ simple incident form accepts one password and confirmation, explains history, and never resumes funds (5.4902ms)
✔ wallet command intent verifies first and never replays the command after grant arrives (1.5542ms)
✔ owner can set operation password with independent credentials before a wallet grant (2.6943ms)
✔ T2 is a literal incident filter and detail level while an independent pause remains visible (1.8537ms)
✔ processing a T2 source record leaves a running wallet running and gives no resume instruction (3.103ms)
✔ restore requires separate explicit confirmation and has no technical reason input (1.2555ms)
✔ expired full-check history is distinguished from healthy current source diagnostics (1.0559ms)
✔ invalid operation password length is explained locally without a request or pending journal (2.419ms)
✔ unknown password setup network result asks to refresh and preserves retry key (1.1237ms)
✔ fixed operation password setup preserves exact secrets and does not store them (1.7057ms)
✔ fixed password claim uses explicit field and stable key without storing credential (0.9388ms)
✔ missing or failed operation-password configuration keeps financial forms disabled (1.2195ms)
✔ MFA recent login rejection explains reauthentication without payment warning (0.9909ms)
✔ controlled resume retains original epoch digest and key after unknown result (2.4838ms)
✔ unresolved incidents show a disabled resume entry and recovery instructions (0.8757ms)
✔ resume evidence feedback preserves the request and distinguishes it from a payment (1.0259ms)
✔ definitively changed control snapshot refreshes without automatic resubmission (1.0894ms)
✔ handover restores preparation and requires received notice before confirmation (1.5632ms)
✔ server invalidated handover can be explicitly regenerated despite future client expiry (0.8677ms)
✔ handover evidence rejection explains coverage lag without unrelated payment warning (1.0362ms)
✔ exact money rejects floats and preserves six decimals (0.6275ms)
✔ operation journal persists stable user scoped keys and rejects secret metadata (0.2955ms)
✔ claim displays immutable snapshot, uses MFA and same key after response loss, never marks settled (1.8605ms)
✔ claimed order recovers payment details without permitting repayment and txid remains evidence (0.9127ms)
✔ missing server key permits only password-confirmed pending cancellation (1.0335ms)
✔ pending MFA enrollment is recoverable without storing provisioning secrets (0.7506ms)
✔ loading failure is distinct from empty state (7.3166ms)
✔ recent login failures expose explicit login, clear secrets and preserve same-account recovery without automatic replay (4.6534ms)
✔ 401 and auth errors on reads offer login but permission errors do not (1.9142ms)
✔ unknown txid submission restores original safe fields after panel reload (1.4861ms)
✔ copy and submission preserve exact six decimal amount, other administrator cannot claim (0.9989ms)
✔ owner cannot obtain payment instructions for an order claimed by another identity (0.8091ms)
✔ MFA provisioning never persists secrets and removes them on completion (1.1658ms)
✔ incident review uses current version and returned clearance and preserves pause after resolution (2.2942ms)
✔ funding actions follow known authoritative status only (2.2757ms)
✔ unified refresh preserves setup form, selected payout drafts and stale data without writes (1.8061ms)
✔ refresh and financial submits are mutually exclusive and partial control failure disables stale actions (0.9129ms)
✔ successful asynchronous recent authentication keeps nonsecret draft and never replays write (1.3017ms)
✔ security failure recovery re-enables unchanged setup form and clears stale notice (1.7851ms)
✔ refresh keeps latest typed draft and operation result while preventing writes during a detail read (2.3669ms)
✔ disposing a wallet clears secrets and ignores late authentication failures (1.4038ms)
✔ refresh returns false for every failed panel or selected detail and true after recovery (14.4433ms)
✔ Me child routes, invitation history, and interaction inbox have reviewable states (2.0412ms)
✔ Me demo routes have the correct destinations and distinct interaction wording (7.8942ms)
✔ emoji decoration displays its supplied text as ordinary demo content (0.9242ms)
✔ selection session starts as one full-message selection with two large hit targets (18.4434ms)
✔ selection menu keeps presentation on a wrapper so the strict menu receives only contract attributes (0.9367ms)
✔ full selection keeps the original text menu while partial selection adds the compact select-all action (1.3364ms)
✔ selection changes re-render the strict menu after its options change (1.6567ms)
✔ selection uses grapheme boundaries so an emoji is copied whole (0.3016ms)
✔ range-box fallback chooses the nearest grapheme boundary on the touched line (0.3807ms)
✔ selection handles follow the first and last DOM Range rectangles across lines (0.7742ms)
✔ menu placement leaves a gap before the selected text instead of covering it (0.6833ms)
✔ partial actions report and use exactly the selected message text (0.8346ms)
✔ copy reports a visible system-copy fallback when clipboard access is unavailable (0.9379ms)
✔ drag finish and cancellation immediately hide the lens and restore one menu (0.7267ms)
✔ reactions present individual profile controls and comment timestamp (1.4777ms)
✔ detail reply state and self comment operations are distinguishable (1.0448ms)
✔ official suffix accepts only two to six Chinese characters (1.5075ms)
✔ officialName creates a separate badge element only from authority (0.381ms)
✔ a name containing a fake suffix is not authority (0.1061ms)
✔ offline-recovery catalog exposes cached, empty, and explicit retry states (1.0784ms)
✔ network capsule contract and registry keep retry compatibility with new states (15.8492ms)
✔ offline demo actions transition the capsule and coalesce the retry dialog (1.2433ms)
✔ phone-login-phone-error (15.7377ms)
✔ phone-registration-phone-matrix-wait (0.5951ms)
✔ phone-rebind-success (0.4454ms)
✔ transfer-transfer-completed (0.3217ms)
✔ wallet-withdrawal-default (1.9188ms)
✔ recharge-directory-directory (0.5618ms)
✔ recharge demo advances to payment without claiming credit (0.9548ms)
✔ phone OTP validates on tap beside the phone field and explains consent (0.794ms)
✔ phone OTP and dark auth background expose visible interaction styles (1.2508ms)
✔ phone registration can request a code and reports format below the number (0.8187ms)
✔ phone auth pages dismiss the keyboard when the page background is tapped (0.718ms)
✔ simulated login 429 counts down without re-submitting or rate-limiting OTP (0.9742ms)
✔ OTP cooldowns use wall-clock deadlines after background throttling (0.9451ms)
✔ redpacket create keeps only the refund note (23.4234ms)
✔ create demo keeps draft editable without static limit hints (13.4004ms)
✔ registry covers every approved module and representative state (1.7207ms)
✔ screen definitions have stable unique IDs and fixed mobile width (1.1928ms)
✔ dark frames are restricted to foundations, components, and approved key screens (0.7846ms)
✔ financial fixtures preserve fixed precision strings and prohibited features stay absent (0.2161ms)
✔ replacement is a registered login state with a single acknowledgement (8.3091ms)
✔ source uses no private styling or shadow DOM escape hatches (126.307ms)
✔ index has no embedded or inline styles (1.9541ms)
✔ light and dark themes expose the same semantic color keys (16.9996ms)
✔ red packet muted token matches Flutter in both themes (6.9773ms)
✔ support identity yellow matches Flutter (4.4678ms)
✔ index loads the approved style layers in fixed order (6.1501ms)
✔ Flutter–HTML registry names every HTML component contract (0.7801ms)
✔ wallet history reuses ledger rows and offline wallet retains content with retry (19.7396ms)
✔ incident times use padded Beijing date and safely retain the missing-record label (1.4211ms)
✔ legacy version-keyed pending review retains exact metadata and idempotency key (3.1936ms)
✔ one password processes ack review resolve with latest state and never resumes money (1.002ms)
✔ unknown outcome stops, retains original per-step key across version changes and explicit retry (0.9014ms)
✔ only definite version conflicts allow bounded preparation of another key (1.0442ms)
✔ TOTP performs only one step then requires a fresh code even after conflict (2.2627ms)
✔ credentials erased on all outcomes; active condition after review prevents resolve (0.6343ms)
✔ presentation distinguishes historical incidents and exact nonblocking backing advisory (0.5003ms)
✔ only the exact source read-budget T2 incident gets the non-pausing evidence warning (0.7145ms)
✔ T2 incident processing keeps neutral control copy while P0 keeps existing pause copy (1.0332ms)
✔ incident explanation describes its meaning without inventing an exact historical cause (1.2646ms)
✔ specific safe monitor guidance and unknown incident outcome never use payment warnings or provider text (0.3435ms)
✔ all server allowlisted reasons have specific actionable Chinese explanations (14.0671ms)
✔ untrusted fields cannot throw while explaining an error (0.789ms)
✔ fund recovery explains other restrictions, unclear ownership and outstanding payouts (0.1767ms)
✔ unknown response or a failed fresh read stops later steps and clears credentials (0.5081ms)
✔ payout 20 points shows minimum and shared toast, then accepts new amount (15.4976ms)
ℹ tests 345
ℹ suites 0
ℹ pass 345
ℹ fail 0
ℹ cancelled 0
ℹ skipped 0
ℹ todo 0
ℹ duration_ms 2943.566
