Flutter assets will be downloaded from https://storage.flutter-io.cn. Make sure you trust this source!
Resolving dependencies...
Downloading packages...
  cached_network_image 3.4.1 (4.0.0 available)
  cached_network_image_platform_interface 4.1.1 (5.0.0 available)
  cached_network_image_web 1.3.1 (2.0.0 available)
  cli_util 0.4.2 (0.6.0 available)
  clock 1.1.2 (1.1.3 available)
  code_assets 1.2.1 (2.0.0 available)
  flutter_cache_manager 3.4.1 (3.4.2 available)
  flutter_image_compress 2.3.0 (2.5.1 available)
  flutter_lints 5.0.0 (6.0.0 available)
  flutter_local_notifications 19.4.2 (22.3.0 available)
  flutter_local_notifications_linux 6.0.0 (8.0.1 available)
  flutter_local_notifications_platform_interface 9.1.0 (12.2.0 available)
  flutter_local_notifications_windows 1.0.3 (3.1.1 available)
  flutter_secure_storage 9.2.4 (11.0.0 available)
  flutter_secure_storage_linux 1.2.3 (3.0.2 available)
  flutter_secure_storage_macos 3.1.3 (4.0.0 available)
  flutter_secure_storage_platform_interface 1.1.2 (2.0.3 available)
  flutter_secure_storage_web 1.2.1 (2.1.1 available)
  flutter_secure_storage_windows 3.1.2 (4.2.2 available)
  flutter_svg 2.2.0 (2.3.0 available)
  flutter_webrtc 0.12.11 (1.6.0 available)
  hooks 2.0.2 (2.2.0 available)
  image_cropper 9.1.0 (12.2.1 available)
  image_cropper_for_web 6.1.0 (7.0.0 available)
  image_cropper_platform_interface 7.2.0 (8.0.0 available)
  image_picker 1.1.2 (1.2.3 available)
  intl 0.20.2 (0.20.3 available)
  js 0.6.7 (0.7.2 available)
  lints 5.1.1 (6.1.0 available)
  matcher 0.12.19 (0.12.20 available)
  material_color_utilities 0.13.0 (0.13.1 available)
  matrix 0.34.0 (10.2.2 available)
  meta 1.18.0 (1.19.0 available)
  objective_c 9.5.0 (9.6.0 available)
  olm 2.0.4 (3.1.0 available)
  package_info_plus 8.3.0 (10.2.1 available)
  package_info_plus_platform_interface 3.2.1 (4.1.0 available)
  path_provider 2.1.5 (2.1.6 available)
  record_use 0.6.0 (1.1.1 available)
  shared_preferences 2.5.3 (2.5.5 available)
  speech_to_text 7.0.0 (7.4.0 available)
  sqflite_common_ffi 2.3.6 (2.4.2+1 available)
  sqlcipher_flutter_libs 0.6.8 (0.7.0+eol available)
  sqlite3 2.9.4 (3.5.2 available)
  stack_trace 1.12.1 (1.12.2 available)
  test_api 0.7.11 (0.7.13 available)
  timezone 0.10.1 (0.11.1 available)
  url_launcher 6.3.1 (6.3.2 available)
  vector_math 2.2.0 (2.4.2 available)
  win32 5.15.0 (6.4.0 available)
  xml 6.6.1 (7.0.1 available)
Got dependencies!
51 packages have newer versions incompatible with dependency constraints.
Try `flutter pub outdated` for more information.
Running Gradle task 'assembleRelease'...                        

FAILURE: Build completed with 2 failures.

1: Task failed with an exception.
-----------
* Where:
Build file 'C:\Users\Administrator\AppData\Local\Pub\Cache\hosted\pub.flutter-io.cn\speech_to_text-7.0.0\android\build.gradle' line: 7

* What went wrong:
A problem occurred evaluating project ':speech_to_text'.
> Could not find method jcenter() for arguments [] on repository container of type org.gradle.api.internal.artifacts.dsl.DefaultRepositoryHandler.

* Try:
> Run with --stacktrace option to get the stack trace.
> Run with --info or --debug option to get more log output.
> Run with --scan to generate a Build Scan (Powered by Develocity).
> Get more help at https://help.gradle.org.
==============================================================================

2: Task failed with an exception.
-----------
* What went wrong:
A problem occurred configuring project ':speech_to_text'.
> Failed to notify project evaluation listener.
   > java.lang.NullPointerException (no error message)
   > java.lang.NullPointerException (no error message)

* Try:
> Run with --stacktrace option to get the stack trace.
> Run with --info or --debug option to get more log output.
> Run with --scan to generate a Build Scan (Powered by Develocity).
> Get more help at https://help.gradle.org.
==============================================================================

BUILD FAILED in 2s
Running Gradle task 'assembleRelease'...                            3.5s

┌─ Flutter Fix ─────────────────────────────────────────────────────────────────────────┐
│ [!] Starting AGP 9+, only the new DSL interface will be read.                         │
│ This results in a build failure when applying the Flutter Gradle plugin at            │
│ D:\pythonProject\outsource\StarChat\apps\mobile_flutter\android\app\build.gradle.kts. │
│                                                                                       │
│ To resolve this update flutter or opt out of `android.newDsl`.                        │
│ For instructions on how to opt out, see:                                              │
│ https://developer.android.com/build/releases/agp-9-0-0-release-notes                  │
│                                                                                       │
│ If you are not upgrading to AGP 9+, run `flutter analyze --suggestions` to check for  │
│ incompatible dependencies.                                                            │
└───────────────────────────────────────────────────────────────────────────────────────┘
Gradle task assembleRelease failed with exit code 1
