
> changliao-design-demo@1.0.0 test
> node --test --test-reporter=spec

Offline recovery browser interaction: PASS
✔ scripts\offline-recovery-browser-test.mjs (16368.6843ms)
✔ profile has seven ordered actionable values and edit pages have permanent labels (10.0929ms)
✔ settings has account and general groups and retains existing entries (0.4526ms)
✔ login and account security open the same password catalog renderer (2.8442ms)
✔ password demo consumes verification before accepting a new password (1.5886ms)
✔ unbound channel blocks proceeding and anonymous copy avoids binding disclosure (0.6126ms)
✔ changing OTP target invalidates the previous request (0.4431ms)
✔ email rebind proves current channel before requesting new email code (0.8028ms)
✔ chat preference failure restores saved setting with visible error (0.7633ms)
✔ new custom component attributes obey registered contracts (11.0374ms)
✔ unbound account links consistently block flows without an existing channel (0.4595ms)
✔ resend cooldown survives changing target and allows a new request after 60 seconds (0.4371ms)
✔ expired code cannot produce password proof, including the expired catalog state (0.2915ms)
✔ profile edit failure preserves draft, retry updates corresponding right-side value (0.528ms)
✔ independent profile demo preserves graphemes and refuses oversized changed values (0.4268ms)
✔ username demo rejects invalid and occupied values before confirmation (0.8695ms)
✔ username demo validates on blur with separate rule sections (0.2567ms)
✔ add friend demo uses exact contacts and permits only username final two differences (2.2722ms)
✔ disabled list actions expose aria-disabled and cannot dispatch navigation (2.2773ms)
✔ enabled list actions respond to Enter and Space keyboard activation (0.6046ms)
✔ single-channel security pages lead to the matching ownership proof (0.6705ms)
✔ expired catalog code and expired password proof reject demo code/password (0.4733ms)
✔ administrator user search keeps contact terms in JSON body with bound session headers (20.5746ms)
✔ admin module reads encode literal user search and opaque cursor without replacing bearer (0.5894ms)
✔ admin errors preserve structured handover evidence for actionable feedback (0.6211ms)
✔ session expiry emits once per failed request; permission denial and stale responses do not (0.9119ms)
✔ admin API sends bearer token and parses permissions (0.4069ms)
✔ admin API normalizes forbidden response as authorization error (0.8314ms)
✔ admin API context defaults to empty collections without fixtures (0.1358ms)
✔ admin API performs official login and module reads (0.9935ms)
✔ admin API sends an idempotency header for direct admin commands (0.6448ms)
✔ admin finance command posts a two-decimal direct grant payload (0.5482ms)
✔ module heading appends a heading node instead of stringifying it (7.3411ms)
✔ admin finance form exposes a direct point-grant flow rather than an application ID (0.5852ms)
✔ admin API unwraps production error envelopes (0.4238ms)
✔ network failure has a safe localized error and never replays a password command (0.2304ms)
✔ support payout recovery routes keep claim proof out of URLs and protect commands with distinct keys (0.568ms)
✔ chain queries preserve exact strings, filters and authentication (21.1493ms)
✔ chain outage remains an error instead of becoming an empty list (0.5792ms)
✔ chain list shortens a hash, keeps the log visible and copies the exact locator (5.3823ms)
✔ clipboard rejection gives a safe status and never claims a successful copy (1.2813ms)
✔ chain read errors do not echo a full searched transaction hash (0.4343ms)
✔ chain detail groups evidence, money path and platform association without exposing a full hash (1.8062ms)
✔ chain detail keeps REVIEW and CONFLICT separate from settled payout (0.5982ms)
✔ access recheck closes detached detail and repair dialogs, then restores only an already read detail (1.3962ms)
✔ pending detail cannot reopen or render from a late response during access recheck (0.5186ms)
✔ access recheck cancels an in-flight list read without leaving refresh controls locked (0.6928ms)
✔ owner transfer candidate requires complete distinct observed outflow details and preserves the current query (1.9859ms)
✔ ambiguous or incomplete owner transfer observations never reach the declaration callback (3.0788ms)
✔ suspending access during owner candidate lookup prevents a late callback (1.1526ms)
✔ menu snapshot keeps only one read page and restores draft, applied filters, scroll and open detail without chain GET (1.4964ms)
✔ invalid read view falls back to normal chain GET rather than displaying untrusted data (0.5647ms)
✔ chain repair entry asks for grant and opens only after a second click (0.6258ms)
✔ chain absolute times and filter serialization use Beijing time in every browser timezone (2.2417ms)
✔ chain panel uses stable pages, renders exact amount and fetches detail (0.59ms)
✔ chain panel exposes query outage and retry without fictitious empty records (0.4888ms)
✔ late detail response cannot overwrite a later selected transaction (0.582ms)
✔ ledger and conflicting evidence remain distinct in chain rows and detail (0.6487ms)
✔ only allocated payout is displayed as settled; unknown linkage stays unverified (0.5392ms)
✔ global chain refresh preserves filters page rows and selected detail on failure and refetches on recovery (0.7823ms)
✔ chain detail refresh failure retains prior detail and reports false without discarding refreshed rows (1.4408ms)
✔ late refreshed chain detail cannot replace a newer selection and duplicate refresh is blocked (0.8351ms)
✔ validated deposit needs explicit submission and refreshes the current chain page after execution (4.251ms)
✔ blocked preview explains the blocker and cannot submit a deposit command (0.6389ms)
✔ recovered executed operation refreshes the chain page without replaying it (0.6056ms)
✔ executed deposit survives local journal cleanup and reports a failed list refresh separately (1.7575ms)
✔ shortHash keeps only the ends of a canonical transaction hash (0.8506ms)
✔ transferKey retains the complete transaction hash and exact log index (0.1806ms)
✔ USDT units format exactly as six decimal places beyond safe Number range (0.1676ms)
✔ read view validation bounds one page, keeps only known chain fields and rejects corrupt detail (1.2677ms)
✔ ledger scene and distribution stay separate and missing reason is explicit (1.7463ms)
✔ ledger API preserves combined search and cursor, no email response assumptions (1.0296ms)
✔ staff navigation excludes administrator USDT wallet without broadening permissions (2.1093ms)
✔ shared password entry is only shown for a pure staff management identity (0.3582ms)
✔ point totals preserve cents beyond JavaScript safe integer (0.3437ms)
✔ trend uses real values, scales peaks and handles zero and single points (0.3212ms)
✔ one refresh joins repeated clicks and isolates partial failures (0.2207ms)
✔ absolute times have fixed Beijing calendar format across timezone offsets (1.1348ms)
✔ datetime-local filters mean Beijing regardless of the browser timezone (0.2275ms)
✔ identities and technical codes have readable labels without object coercion (0.1587ms)
✔ management loading state centers a branded icon and accessible status (2.2438ms)
✔ ink-and-silver login presents the four approved poem lines (4.7709ms)
✔ one page has only administrator and staff modes; routine staff login needs no captcha (2.4599ms)
✔ staff activation is offered only after the precise login response and uses its own captcha (1.8037ms)
✔ a pending administrator captcha response cannot disable the staff form (0.462ms)
✔ a late captcha image error cannot disable staff password login (0.4285ms)
✔ challenge visible, refresh clears stale answer, failed refresh disables login (0.7747ms)
✔ duplicate submit blocked and secrets cleared; actual error preserved with fresh challenge (0.564ms)
✔ session dialog is modal and re-login only follows explicit action (0.2099ms)
✔ other staff denials do not expose activation and mode switch clears the current password (1.0081ms)
✔ activation challenge expiry and page leave close the dialog before credentials can be reused (0.8058ms)
✔ manual deposit case API uses the frozen case endpoints and idempotency keys (2.6314ms)
✔ repair dialog exposes a separate manual case entry rather than accepting an operator supplied user (0.106ms)
✔ manual case flow uses context attribution, records approval, previews, and only then executes (9.3394ms)
✔ reopened unknown manual case operation only queries its saved operation and never replays it (0.802ms)
✔ saved operation is queried before blocked context and an executed case has no decision or write controls (0.7969ms)
✔ missing or corrupted journal storage closes manual-case writes (0.8992ms)
✔ saved manual case without an owner identity cannot expose write controls (0.5729ms)
✔ unknown create keeps its stable journal and never auto-submits a new key (0.5924ms)
✔ saved case is read before a credited context blocker and decision never posts when persistence fails (0.885ms)
✔ completed credit stays final when the list refresh returns false (1.9676ms)
✔ unknown create retry uses its saved key once while the request is pending (1.0539ms)
✔ case selection query failure is handled in the dialog and can be retried (1.5838ms)
✔ approval double click posts exactly one decision (0.906ms)
✔ rejected case reopens context before offering a new case (0.7636ms)
✔ operation 404 re-previews and keeps the original operation id for execute (1.2173ms)
✔ wallet access endpoints are no-store and verification sends only explicit proof (22.8721ms)
✔ manual payout reads use actual admin routes and encode cursors (0.9485ms)
✔ manual payout claim retry preserves caller key and exact digest (0.938ms)
✔ candidate submission and correction remain distinct from settlement (1.4137ms)
✔ every manual payout command rejects a missing stable key before network access (0.7043ms)
✔ administrator MFA uses shared identity routes (1.1584ms)
✔ bootstrap drains history silently and persists opaque cursor per actor; live new orders alone count (4.2957ms)
✔ network interruption recovers, forbidden stops, and disposed request cannot notify (1.783ms)
✔ feed retries failed consumer and ignores late rejection after dispose (0.3499ms)
✔ invalid saved cursor rebaselines silently and close dismisses without marking unread (0.7737ms)
✔ empty baseline survives reload and unread survives reload without replay toast (1.0861ms)
✔ ledger API items render as readable ordered table cells (1.5028ms)
✔ wallet API items retain masked address instead of stringifying an object (0.3271ms)
✔ explicit field mapping ignores insertion order and unknown fields (0.7237ms)
✔ analytics uses actual username nickname verification timestamp and status (0.4302ms)
✔ reference loading reports actual failure category 401 (10.4388ms)
✔ reference loading reports actual failure category 403 (1.8834ms)
✔ reference loading reports actual failure category 503 (1.5562ms)
✔ missing reference estimate remains unavailable while other aggregates render (1.0859ms)
✔ directory writes use PUT and the ID path, never pass entry_id in body (0.9367ms)
✔ case and directory reload buttons invoke the API again (1.5549ms)
✔ completion awaiting approval explicitly remains uncredited (2.4281ms)
✔ recharge panel renders pending cases with stale-marked reference rate and disclaimers (1.9547ms)
✔ bind submits adjustment id with idempotency key; empty id is rejected locally (3.1921ms)
✔ complete registration surfaces authoritative reply instead of assuming success (1.1471ms)
✔ reject offers standard reasons and defaults to overdue payment with idempotency (0.9252ms)
✔ directory upsert requires fields and supports update-by-id (1.57ms)
✔ review queue shows occupied bindings; retry and evidence-gated release call review endpoint (3.2991ms)
✔ real admin API implements review queue, history, timeline and review commands (0.8494ms)
✔ review queue network failures are not rendered as an empty queue (0.9538ms)
✔ late history response cannot replace a newer explicit refresh (1.0818ms)
✔ history section paginates with cursor and disables next page when exhausted (2.4957ms)
✔ timeline retains only latest requested case and labels its identity (1.3776ms)
✔ late room result cannot append stale review buttons to current room (1.1388ms)
✔ intent review has one in-flight command and displays server stage (1.5169ms)
✔ transfer AdminApi paths encode IDs and propagate rejected review (1.0528ms)
✔ empty lookup does not invalidate an existing valid in-flight lookup (4.7322ms)
✔ other actor is read-only; unverified owned order cannot settle; forbidden heartbeat removes mutation (7.3091ms)
✔ late pending response cannot restore another actor actions and disposed panel cannot claim (3.3767ms)
✔ overdue managed order needs explicit finance review claim and reason (2.4238ms)
✔ historical orders keep direct bind registration without unsupported claim (1.0569ms)
✔ independent administrator can approve a bound order without taking its claim (2.5779ms)
✔ public recharge queue pages by opaque server cursor (1.5135ms)
✔ saved settlement displays its frozen rate and continues the same execution (5.1594ms)
✔ failed settlement preparation never executes or reports points credited (2.7336ms)
✔ managed settlement defaults to fresh reference and fixed-base percentage shortcuts with decimal previews (3.2582ms)
✔ managed awaiting-payment orders show automatic detection and cannot submit settlement (1.5191ms)
✔ unusable baseline is never invented {"fx_rate":null} (2.8651ms)
✔ unusable baseline is never invented {"fx_rate":"7.123456","fx_rate_stale":true} (1.9179ms)
✔ decimal preview rounds half up without losing large integer precision (3.2045ms)
✔ missing actual receipt and invalid final rates cannot prepare a settlement (3.2491ms)
✔ settlement uses this load current FX snapshot, retaining historical order reference (4.5807ms)
✔ ordinary staff workbench separates admin tools and gives clear selected filters (1.087ms)
✔ user cell uses display identity and prominent processing action (1.1604ms)
✔ order detail dialog is removed on disposal and ignores delayed response (1.1865ms)
✔ recharge settlement inputs live inside an operation dialog, not in the table row (0.9018ms)
✔ settlement shortcut and manual drafts survive a list refresh (3.1254ms)
✔ late success of order A is never displayed inside order B operation dialog (3.0615ms)
✔ review dialog stays in review mode and keeps release draft after order refresh (1.7833ms)
✔ server capability projection controls occupied, expired and unsafe recharge actions (3.0985ms)
✔ owner opens read-only recharge facts then separately confirms reason and fresh proof takeover (2.6438ms)
✔ recharge takeover API uses encoded fixed path and nested proof with idempotency (0.789ms)
✔ refresh rejection clears an open takeover proof and invalidates its detached submit control (1.6143ms)
✔ session revocation during preparation blocks the dependent execute HTTP command (2.0989ms)
✔ repair preview is a write intent and requires a fresh user submit after verification (7.0861ms)
✔ closing wallet repair also removes its detached manual case and sensitive evidence (1.4112ms)
✔ manual deposit case creation is blocked without grant and never auto replayed (3.1554ms)
✔ expired grant blocks repair execution before journal or API write (2.6878ms)
✔ manual case decision preview and execution each require a live grant (1.769ms)
✔ deposit repair keeps a visible disabled confirmation and manual entry before and after a blocked preview (1.7317ms)
✔ approved manual case keeps its case, amount, and creation rationale above the collapsed evidence (0.9923ms)
✔ unknown deposit execution disables manual entry and only leaves the original operation query (2.6666ms)
✔ session change prevents an old in-flight context response from rebuilding the admin page (1247.2879ms)
✔ staff password login uses dedicated endpoint and the same in-memory session lifecycle (23.708ms)
✔ staff shared-password change uses the bound management session and clears local access on success (0.5973ms)
✔ session bootstraps with protected cookie and coalesces refresh (0.3534ms)
✔ failed mutation response is never retried by session manager (0.1958ms)
✔ invalidating a session discards late refresh results (0.3575ms)
✔ failed expired-cookie refresh clears the active session on check (0.5258ms)
✔ refresh cannot switch the identity underneath an existing page (0.6156ms)
✔ logout failure invalidates context and forbids implicit bootstrap of another cookie (1.187ms)
✔ wallet cache epoch belongs to one management identity and survives token refresh only (1.0266ms)
✔ an in-flight login cannot tag an old wallet view with the next session epoch (0.7444ms)
✔ a same-origin tab login invalidates another tab without echoing the change back (0.717ms)
✔ logout broadcasts before its network response so another tab hides wallet data promptly (0.5688ms)
✔ another tab login invalidates a pending old-cookie bootstrap before it can reveal wallet data (1.4456ms)
✔ activation gateway sends credentials only to fixed same-origin purpose endpoints (1.0438ms)
✔ activation never automatically repeats a lost or denied request (1.2041ms)
✔ staff password dialog validates fields and returns to login after changing shared password (2.0654ms)
✔ password dialog rejects a mismatched confirmation without calling the API (0.8379ms)
✔ password dialog keeps new password editable on server rejection and clears old proof (0.3574ms)
✔ support command fields, action and feedback use their own layout regions (0.6797ms)
✔ payout address and candidate details wrap and action buttons fit narrow screens (0.2268ms)
✔ support orders open real content without password setup or extra security requests (0.4783ms)
✔ support commands use actual encoded routes, token and idempotency (1.4119ms)
✔ notification cursor survives failure, deduplicates replay, skips hidden and stops on forbidden (0.3521ms)
✔ support-order verification uses its own scope and configured password schema (0.2997ms)
✔ independent approval methods call existing ledger review routes (0.2584ms)
✔ support panel sends defaults and amount as a string (6.2307ms)
✔ support search discards old replies and cancel removal makes no command (0.9966ms)
✔ support rows select grant targets and edit management values (0.6671ms)
✔ grant select writes target and keeps the same key after a failed retry (0.8465ms)
✔ failed removal keeps the current table and reports an error (1.1401ms)
✔ pagination requests offset 25 and hides non-dispatchable options (0.5056ms)
✔ grant rejects malformed amounts locally without calling the API (0.5244ms)
✔ grant failure renders red error feedback with icon and success turns green (0.8516ms)
✔ manage form reports failures with error styling too (0.7931ms)
✔ expired unstarted payout uses explicit review claim via scoped API (13.4144ms)
✔ scoped payout API does not route through owner wallet commands (0.8214ms)
✔ payout has no full address before begin and drops writes on lost heartbeat (1.5015ms)
✔ expired started payout keeps evidence and reconciliation only, never a second payment (2.255ms)
✔ unknown payment permits audited candidate correction without starting another payment (2.0841ms)
✔ payout A late completion cannot appear as payout B success (2.0052ms)
✔ another staff lease is genuinely disabled by server capability and sends no write (0.8388ms)
✔ owner opens read-only detail and uses separate confirmed takeover with fresh selected proof (2.2935ms)
✔ rate preparation stays cancellable, begin needs a second confirmation and latest terms (2.9423ms)
✔ completed payment reveals full address for explicit copy and identity loss destroys access (1.9512ms)
✔ discovery distinguishes incomplete and conflict, and selection never automatically reconciles (2.7373ms)
✔ an unknown begin response refreshes authority without another payment command (1.7012ms)
✔ forbidden payout command immediately removes stale preparation and evidence actions (1.2542ms)
✔ forbidden address read revokes the evidence UI without retaining its draft (1.3743ms)
✔ returning from a payout keeps the selected list filter and restores focus (1.1103ms)
✔ forbidden list refresh removes a previously read full address and all old actions (0.9213ms)
✔ forbidden detail read revokes previously projected evidence actions (1.3128ms)
✔ payment cannot begin until the server provides masked destination and payable amount (0.6365ms)
✔ pre-payment writes stay disabled when capability is present but lease token is absent (0.5982ms)
✔ rejected payout remains visible in history without a processing action (0.6415ms)
✔ staged receive and rejected projection reflect the server processing stage (0.5987ms)
✔ configured owner rejection collects a fresh selected proof rather than a cached grant (1.691ms)
✔ forbidden discovery immediately scrubs the full address and all evidence commands (0.9145ms)
✔ unknown discovery evidence status is never selectable (0.8905ms)
✔ started takeover uses evidence token and discovery versions for candidate selection (1.8682ms)
✔ administrator directory shows exact contact and balance fields from its dedicated endpoint (29.8479ms)
✔ directory search and cursor navigation ignore a stale response (2.524ms)
✔ failed directory search keeps the displayed page and offers explicit retry (1.254ms)
✔ permission loss clears previously displayed contacts and balances (1.1451ms)
✔ security uses Chinese selections and submits selected internal identity only on confirmation (37.5983ms)
✔ server search and cursor pages never let an older response replace a newer query (1.2869ms)
✔ reauthentication preserves selection and never automatically submits the ban (1.7678ms)
✔ uncertain command result retains draft and cannot be retried (2.1342ms)
✔ read-only analytics displays exact user columns and no command controls (1.0168ms)
✔ failed next page preserves committed page and retry advances exactly once (1.7764ms)
✔ failed search keeps old query cursors for next page and retries the failed search explicitly (2.1867ms)
✔ cached server access remains usable after five minutes but locks at fixed sixty minutes (2.3098ms)
✔ server status after refresh reuses remaining lifetime without extending deadline (0.2155ms)
✔ unknown network status locks instead of showing stale balances (0.319ms)
✔ cross-account and disposed late responses cannot unlock or deliver wallet reads (0.4381ms)
✔ authorization categories distinguish wallet expiry, global expiry and permission denial (0.3759ms)
✔ credential rotation retains explicit recent-login flow without locking ordinary valid grant (0.8907ms)
✔ invalid or replayed TOTP remains retryable wallet verification (0.3907ms)
✔ disabled feature preserves legacy behavior; verify never automatically invokes a command (0.7566ms)
✔ confirmed owner can read without grant while write intent verifies and requires a new submit (7.4539ms)
✔ wallet module rows are readable without grant but other modules are not allowlisted (1.4978ms)
✔ grant expiry locks writes without rebuilding the confirmed owner view (1.1877ms)
✔ server grant mode change rebuilds credential fields for legacy policy (1.3144ms)
✔ owner change removes prior wallet data and blocks later reads (0.8585ms)
✔ failed wallet read clears stale owner data instead of showing cached balances (1.9788ms)
✔ raw read failure clears wallet data and detached content (1.3034ms)
✔ unexpected wallet read authorization denial clears prior owner data (0.7637ms)
✔ unconfigured owner view still polls for role revocation (0.8254ms)
✔ delayed verified access and focus rechecks never create a modal or obscure the page (1.1582ms)
✔ malformed or failed owner recheck clears a read-only verify state (0.5339ms)
✔ a late status response cannot restore reads after an intervening permission denial (0.4378ms)
✔ a repeated read-only owner status does not cancel an in-flight wallet read (0.2815ms)
✔ focus and visibility recheck suspend detached dialogs once and retain the same read view (2.8278ms)
✔ background polling keeps an authorized detail visible until a denied result clears it (1.9127ms)
✔ active focus check supersedes a hung background poll and restores writes on success (0.9002ms)
✔ unverified or expired owner can read and opens the access dialog only for write intent (0.6994ms)
✔ disposed pending status cannot create access UI, and a network recheck removes sensitive content (0.7584ms)
✔ only a confirmed owner can export a read snapshot and denial invalidates its shell cache (0.7974ms)
✔ same-actor management session replacement clears an existing wallet view on recheck (0.7274ms)
✔ real admin home restores a chain view only after owner confirmation and clears it on session replacement (1474.7208ms)
✔ wallet workspace labels platform applications separately from chain facts and payout orders (5.7573ms)
✔ wallet presentation keeps tables scrollable, details legible and reduced motion respected (1.4576ms)
✔ wallet menu return passes a one-page read view only within the same actor and session epoch (15.3101ms)
✔ wallet denial clears an exported menu snapshot before another menu return (1.7859ms)
✔ local history dialog defaults to saving with explicit destructive delete (1.795ms)
✔ three tab more menus have the same fixed vertical commands (0.6233ms)
✔ menu exposes real semantic commands and disabled state (0.2379ms)
✔ top menu and conversation actions reuse the same surface (0.4078ms)
✔ search and transfer visual states are registered (1.2471ms)
✔ search result and transfer member avatars use 40px slots (20.3826ms)
✔ transfer selection survives filtering and completed view returns to group info (22.6399ms)
✔ announcement demo exposes mixed images, pending decryption and invalid format (0.6957ms)
✔ username login and email registration dismiss keyboard on background tap (9.586ms)
✔ avatar and moments reuse album and editor demo states (1.8567ms)
✔ UI_DESIGN uses the approved visible brand (7.1755ms)
✔ the internal logo asset name remains unchanged (1.7714ms)
✔ all approved HTML component mappings have contracts (1.1656ms)
✔ component contracts use unique strict names and shallow signatures (1.6501ms)
✔ every declared component contract has a browser registration (21.5492ms)
✔ exports the approved network selector (0.9737ms)
✔ one failed round excludes a fast route; stable slower route wins (59.0403ms)
✔ throughput including body completion wins over shortest header latency (205.9462ms)
✔ uses the slower round rather than fastest peak throughput (110.1604ms)
✔ routes run in parallel but each second sample waits for its first body to finish (3.276ms)
✔ all failed routes fall back to the exact direct input URL (1.6353ms)
✔ a usable route with first-byte latency beyond two seconds still qualifies (4402.3162ms)
✔ overall deadline aborts noncooperative fetches and resolves fallback (26.6509ms)
✔ caller cancellation releases requests and removes its listener (0.5662ms)
✔ pre-aborted signal never starts network requests (0.4058ms)
✔ Range ignored or HTML is rejected without reading response body (0.3667ms)
✔ rejects mismatched Content-Range bytes 1-262144/262144 (0.1874ms)
✔ rejects mismatched Content-Range bytes 0-262143/262145 (0.1592ms)
✔ rejects mismatched Content-Range bytes 0-262142/262144 (0.141ms)
✔ rejects mismatched Content-Range bytes 0-262143/* (0.1375ms)
✔ short stream does not qualify as successful throughput (0.4577ms)
✔ oversized stream cancels immediately and keeps no more than the byte cap (0.4443ms)
✔ body stall is aborted and cancelled within overall budget (24.7316ms)
✔ small artifact requests its exact range and validates its actual bytes (0.4419ms)
✔ equal conservative throughput uses shorter first-byte latency (0.4695ms)
✔ each request times out at four seconds without waiting for the nine-second budget (4002.251ms)
✔ successful probes remove caller cancellation listener and release all readers (0.7748ms)
✔ caller mutation cannot replace a route URL after its verified sample (2.6436ms)
✔ registry binds both routes to exact pinned host and same immutable version (2.6412ms)
✔ registry rejects foreign before any probing (1.0425ms)
✔ registry rejects otherCdn before any probing (0.1164ms)
✔ registry rejects stale before any probing (0.5635ms)
✔ registry rejects mutable before any probing (0.1901ms)
✔ registry rejects query before any probing (0.1596ms)
✔ registry rejects credential before any probing (0.5894ms)
✔ registry rejects ios before any probing (0.101ms)
✔ registry rejects size before any probing (0.3189ms)
✔ registry rejects hash before any probing (0.3545ms)
✔ download loads bounded registry before selection and never accepts selector foreign URL (28.6304ms)
✔ failed registry falls back immediately without probing or leaving a pending UI (0.5955ms)
✔ oversized registry is canceled before JSON parsing and no external request follows (0.4017ms)
✔ valid measured route is used and status avoids promising sustained speed (1.1235ms)
✔ manual backup cancels probing without launching a second download (0.6009ms)
✔ exhausted overall budget uses exact direct route without starting any probes (0.5806ms)
✔ registry taking more than one second can still lead to a measured download (1502.3241ms)
✔ six seconds spent before selection leaves five seconds for both routes (0.6232ms)
✔ missing AbortController retains native download before intercepting click (0.1562ms)
✔ missing fetch retains native download before intercepting click (0.0694ms)
✔ Android release registry names the published 2194 artifact on both exact routes (2.8215ms)
✔ download page offers the 2194 direct fallback and the published network selector (0.8907ms)
✔ published iOS install warning remains visible without an automatic redirect (0.8541ms)
✔ legacy bridge routes iPhone to OTA and Android to its existing APK (1.4196ms)
✔ iPad desktop UA uses OTA, desktop and unknown browsers stay on choices (0.2415ms)
✔ no implicit install, no platform mismatch, no caller-controlled destinations (0.1706ms)
✔ iOS install query shows the signing warning and waits for an explicit tap (0.4605ms)
✔ blocked Android browser launch keeps the page and manual fallback usable (0.3183ms)
✔ finance chat catalog registers viewer red packet, receiver transfer and ledger states (1.1089ms)
✔ finance remediation registers approved ledger, shared picker and nudge-limit demos (7.1155ms)
✔ shared gradient divider token keeps the lower alpha and fading ends (8.5346ms)
✔ list surfaces paint the gradient divider instead of a solid border (3.3784ms)
✔ every demo list and card separator uses the shared gradient divider (4.5083ms)
✔ chrome and control edges keep documented solid hairlines (2.1149ms)
✔ divider and brand tint tokens match the Flutter token layer (3.1407ms)
✔ app-divider is a registered component with a Flutter counterpart (12.0445ms)
✔ friend request verification frames are registered in the HTML demo (0.6479ms)
✔ group announcement and management states have reviewable demo screens (1.0469ms)
✔ Moments GIF and video selection and playback have demo screens (0.3348ms)
✔ announcement color, Moments warning and wallet copy match the requested presentation (30.3473ms)
✔ group name demo limits 12 Unicode graphemes after composition (29.2412ms)
✔ homepage iOS link reaches the current installation page (1.545ms)
✔ download page advertises the current IPA and retains OTA installation (0.4304ms)
✔ download page warns existing users about the new signing team (0.8402ms)
✔ icon library provides a production-sized editable outline set (1.1666ms)
✔ image editor demo exposes distinct eraser and centered fixed emoji controls (3.6968ms)
✔ ledger demo keeps the verified detail hero, counterparty row and copy control (18.6208ms)
✔ manual incident actions use scoped operations routes and stable keys; reads use authenticated no-store (32.3965ms)
✔ void preview expired login offers modal authentication without a write (14.411ms)
✔ server wallet grant omits repeated proof while keeping confirmation and original pending key (5.2206ms)
✔ wallet detail expiration candidate history and refresh status display complete Beijing dates (3.7932ms)
✔ current status check is read-only and requires no operation credential (2.7292ms)
✔ pause uses Chinese confirmation and retains original journal reason after response loss (2.0787ms)
✔ refresh during a command waits and coalesces without replaying the command (2.2171ms)
✔ new pause records fixed reason and disposal releases waiting refresh without another read (1.3857ms)
✔ simple incident form accepts one password and confirmation, explains history, and never resumes funds (3.5909ms)
✔ wallet command intent verifies first and never replays the command after grant arrives (5.7842ms)
✔ owner can set operation password with independent credentials before a wallet grant (2.0274ms)
✔ T2 is a literal incident filter and detail level while an independent pause remains visible (1.3452ms)
✔ processing a T2 source record leaves a running wallet running and gives no resume instruction (2.5314ms)
✔ restore requires separate explicit confirmation and has no technical reason input (1.7806ms)
✔ expired full-check history is distinguished from healthy current source diagnostics (0.9213ms)
✔ invalid operation password length is explained locally without a request or pending journal (1.8633ms)
✔ unknown password setup network result asks to refresh and preserves retry key (1.0683ms)
✔ fixed operation password setup preserves exact secrets and does not store them (1.6328ms)
✔ fixed password claim uses explicit field and stable key without storing credential (2.9507ms)
✔ missing or failed operation-password configuration keeps financial forms disabled (1.5046ms)
✔ MFA recent login rejection explains reauthentication without payment warning (1.4729ms)
✔ controlled resume retains original epoch digest and key after unknown result (1.9721ms)
✔ unresolved incidents show a disabled resume entry and recovery instructions (0.6471ms)
✔ resume evidence feedback preserves the request and distinguishes it from a payment (1.6933ms)
✔ definitively changed control snapshot refreshes without automatic resubmission (0.8219ms)
✔ handover restores preparation and requires received notice before confirmation (1.122ms)
✔ server invalidated handover can be explicitly regenerated despite future client expiry (0.7235ms)
✔ handover evidence rejection explains coverage lag without unrelated payment warning (1.1846ms)
✔ exact money rejects floats and preserves six decimals (0.3575ms)
✔ operation journal persists stable user scoped keys and rejects secret metadata (0.1731ms)
✔ claim displays immutable snapshot, uses MFA and same key after response loss, never marks settled (1.4327ms)
✔ claimed order recovers payment details without permitting repayment and txid remains evidence (1.2554ms)
✔ missing server key permits only password-confirmed pending cancellation (0.9163ms)
✔ pending MFA enrollment is recoverable without storing provisioning secrets (0.5812ms)
✔ loading failure is distinct from empty state (0.5537ms)
✔ recent login failures expose explicit login, clear secrets and preserve same-account recovery without automatic replay (2.9824ms)
✔ 401 and auth errors on reads offer login but permission errors do not (1.8113ms)
✔ unknown txid submission restores original safe fields after panel reload (1.541ms)
✔ copy and submission preserve exact six decimal amount, other administrator cannot claim (1.2165ms)
✔ owner cannot obtain payment instructions for an order claimed by another identity (0.8549ms)
✔ MFA provisioning never persists secrets and removes them on completion (1.0375ms)
✔ incident review uses current version and returned clearance and preserves pause after resolution (2.3439ms)
✔ funding actions follow known authoritative status only (2.5823ms)
✔ unified refresh preserves setup form, selected payout drafts and stale data without writes (1.9644ms)
✔ refresh and financial submits are mutually exclusive and partial control failure disables stale actions (0.9995ms)
✔ successful asynchronous recent authentication keeps nonsecret draft and never replays write (1.2637ms)
✔ security failure recovery re-enables unchanged setup form and clears stale notice (2.9555ms)
✔ refresh keeps latest typed draft and operation result while preventing writes during a detail read (1.6569ms)
✔ disposing a wallet clears secrets and ignores late authentication failures (0.9324ms)
✔ refresh returns false for every failed panel or selected detail and true after recovery (13.7788ms)
✔ owner transfer requires empty-default purpose and previews a unique nonzero event without executing (3.0966ms)
✔ external payment purpose is fixed and controlled chain candidate supplies exact preview index (2.9397ms)
✔ ambiguous or absent owner outflow stops at preview with actionable guidance (1.3223ms)
✔ selected chain candidate must agree with fresh preview amount and destination (1.2418ms)
✔ owner preview rejects unbounded amount units before showing a confirmation (0.8084ms)
✔ owner confirmation double click and another financial command share one write lock (1.7286ms)
✔ lost wallet grant closes owner confirmation and requires a new deliberate preview and click (1.1686ms)
✔ unknown owner transfer retains one fixed journal key and only exact status closes it (2.2606ms)
✔ owner pending result can retry only after lookup, with original HTTP key and exact payload (1.3816ms)
✔ access suspension closes body dialogs, clears owner draft, and late preview cannot reopen (1.4347ms)
✔ owner incident wording says write verification is on demand and requires a second confirmation (1.0476ms)
✔ manual wallet sections expose stable payout monitor owner and security anchor ids (1.6584ms)
✔ access suspension during refresh cannot restore a detached payout draft or operation password (3.6987ms)
✔ incident detail root exposes a stable styling class (4.3677ms)
✔ payout queue and detail identify user withdrawal origin, order number, and chain hashes (1.0316ms)
✔ monitor heartbeat and incident records have separate sections without changing filters (3.6863ms)
✔ payout queue shows its own Beijing read time after initial load and local refresh (1.3825ms)
✔ incident list shows its own Beijing read time and keeps stale error feedback (1.196ms)
✔ critical wallet writes expose a dedicated button class while read actions do not (1.6767ms)
✔ Me child routes, invitation history, and interaction inbox have reviewable states (1.1706ms)
✔ Me demo routes have the correct destinations and distinct interaction wording (6.8926ms)
✔ media and room followup demo exposes the approved review states (1.0729ms)
✔ chat/gallery-video/loading maps native preview without top capsule or toast (2.2044ms)
✔ chat/gallery-video/playing maps native preview without top capsule or toast (0.4547ms)
✔ chat/gallery-video/failed maps native preview without top capsule or toast (0.1794ms)
✔ chat/video-preview/loading maps native preview without top capsule or toast (0.1153ms)
✔ chat/video-preview/playing maps native preview without top capsule or toast (0.2065ms)
✔ chat/video-preview/failed maps native preview without top capsule or toast (0.1165ms)
✔ moments/video-preview/loading maps native preview without top capsule or toast (0.1971ms)
✔ moments/video-preview/playing maps native preview without top capsule or toast (0.087ms)
✔ moments/video-preview/failed maps native preview without top capsule or toast (0.3584ms)
✔ failed preview retries through native canplay and stale media errors cannot replace retry (0.6316ms)
✔ gallery selection remains available in loading and changes only its own selection state (0.2259ms)
✔ video demo uses the approved synthetic clip without a user media dependency (1.8866ms)
✔ emoji decoration displays its supplied text as ordinary demo content (1.052ms)
✔ selection session starts as one full-message selection with two large hit targets (20.0083ms)
✔ selection menu keeps presentation on a wrapper so the strict menu receives only contract attributes (0.6614ms)
✔ full selection keeps the original text menu while partial selection adds the compact select-all action (1.3937ms)
✔ selection changes re-render the strict menu after its options change (1.6536ms)
✔ selection uses grapheme boundaries so an emoji is copied whole (0.3238ms)
✔ range-box fallback chooses the nearest grapheme boundary on the touched line (0.9874ms)
✔ selection handles follow the first and last DOM Range rectangles across lines (1.1992ms)
✔ menu placement leaves a gap before the selected text instead of covering it (1.9775ms)
✔ partial actions report and use exactly the selected message text (0.9838ms)
✔ copy reports a visible system-copy fallback when clipboard access is unavailable (0.9968ms)
✔ drag finish and cancellation immediately hide the lens and restore one menu (0.3375ms)
✔ reactions present individual profile controls and comment timestamp (1.7708ms)
✔ detail reply state and self comment operations are distinguishable (1.1486ms)
✔ official suffix accepts only two to six Chinese characters (0.8655ms)
✔ officialName creates a separate badge element only from authority (1.3661ms)
✔ a name containing a fake suffix is not authority (0.1364ms)
✔ offline-recovery catalog exposes cached, empty, and explicit retry states (1.4424ms)
✔ network capsule contract and registry keep retry compatibility with new states (8.9126ms)
✔ offline demo actions transition the capsule and coalesce the retry dialog (1.8841ms)
✔ phone-login-phone-error (16.2144ms)
✔ phone-registration-phone-matrix-wait (0.9554ms)
✔ phone-rebind-success (0.4333ms)
✔ transfer-transfer-completed (0.3781ms)
✔ wallet-withdrawal-default (2.1327ms)
✔ recharge-directory-directory (0.5203ms)
✔ recharge demo advances to payment without claiming credit (1.0436ms)
✔ phone OTP validates on tap beside the phone field and explains consent (0.9049ms)
✔ phone OTP and dark auth background expose visible interaction styles (1.2928ms)
✔ phone registration can request a code and reports format below the number (0.9879ms)
✔ phone auth pages dismiss the keyboard when the page background is tapped (0.8593ms)
✔ simulated login 429 counts down without re-submitting or rate-limiting OTP (1.1067ms)
✔ OTP cooldowns use wall-clock deadlines after background throttling (1.1674ms)
✔ redpacket create keeps only the refund note (10.2662ms)
✔ create demo keeps draft editable without static limit hints (9.9068ms)
✔ registry covers every approved module and representative state (4.0911ms)
✔ screen definitions have stable unique IDs and fixed mobile width (4.1137ms)
✔ dark frames are restricted to foundations, components, and approved key screens (1.2776ms)
✔ financial fixtures preserve fixed precision strings and prohibited features stay absent (0.4982ms)
✔ replacement is a registered login state with a single acknowledgement (6.7059ms)
✔ installer URL exception cannot hide a host suffix or credential redirect (1.1561ms)
✔ source uses no private styling or shadow DOM escape hatches (50.9105ms)
✔ index has no embedded or inline styles (1.3343ms)
✔ light and dark themes expose the same semantic color keys (4.9977ms)
✔ red packet muted token matches Flutter in both themes (2.3725ms)
✔ support identity yellow matches Flutter (4.8614ms)
✔ index loads the approved style layers in fixed order (1.8798ms)
✔ Flutter–HTML registry names every HTML component contract (0.8906ms)
✔ wallet history reuses ledger rows and offline wallet retains content with retry (10.0636ms)
✔ incident times use padded Beijing date and safely retain the missing-record label (1.1756ms)
✔ legacy version-keyed pending review retains exact metadata and idempotency key (2.3385ms)
✔ one password processes ack review resolve with latest state and never resumes money (0.8025ms)
✔ unknown outcome stops, retains original per-step key across version changes and explicit retry (0.6849ms)
✔ only definite version conflicts allow bounded preparation of another key (0.671ms)
✔ TOTP performs only one step then requires a fresh code even after conflict (0.301ms)
✔ credentials erased on all outcomes; active condition after review prevents resolve (0.2917ms)
✔ presentation distinguishes historical incidents and exact nonblocking backing advisory (0.3596ms)
✔ only the exact source read-budget T2 incident gets the non-pausing evidence warning (0.587ms)
✔ T2 and P0 incident processing keep neutral control copy and never change fund control (0.6787ms)
✔ incident explanation describes its meaning without inventing an exact historical cause (0.2424ms)
✔ specific safe monitor guidance and unknown incident outcome never use payment warnings or provider text (0.2679ms)
✔ all server allowlisted reasons have specific actionable Chinese explanations (7.9123ms)
✔ untrusted fields cannot throw while explaining an error (0.2696ms)
✔ fund recovery explains other restrictions, unclear ownership and outstanding payouts (0.1057ms)
✔ unknown response or a failed fresh read stops later steps and clears credentials (0.2786ms)
✔ payout 20 points shows minimum and shared toast, then accepts new amount (11.1835ms)
✔ unbound wallet demo shows the white balance card, binding warning, and read-only history (7.2834ms)
✔ bound wallet has no warning and unavailable wallet has no binding entry (0.847ms)
ℹ tests 519
ℹ suites 0
ℹ pass 519
ℹ fail 0
ℹ cancelled 0
ℹ skipped 0
ℹ todo 0
ℹ duration_ms 16427.4159
