Flutter assets will be downloaded from https://storage.flutter-io.cn. Make sure you trust this source!
Resolving dependencies...
Downloading packages...
  cached_network_image 3.4.1 (4.0.0 available)
  cached_network_image_platform_interface 4.1.1 (5.0.0 available)
  cached_network_image_web 1.3.1 (2.0.0 available)
  cli_util 0.4.2 (0.6.0 available)
  clock 1.1.2 (1.1.3 available)
  code_assets 1.2.1 (2.0.0 available)
  flutter_cache_manager 3.4.1 (3.4.2 available)
  flutter_image_compress 2.3.0 (2.5.1 available)
  flutter_lints 5.0.0 (6.0.0 available)
  flutter_local_notifications 19.4.2 (22.3.0 available)
  flutter_local_notifications_linux 6.0.0 (8.0.1 available)
  flutter_local_notifications_platform_interface 9.1.0 (12.2.0 available)
  flutter_local_notifications_windows 1.0.3 (3.1.1 available)
  flutter_secure_storage 9.2.4 (11.0.0 available)
  flutter_secure_storage_linux 1.2.3 (3.0.2 available)
  flutter_secure_storage_macos 3.1.3 (4.0.0 available)
  flutter_secure_storage_platform_interface 1.1.2 (2.0.3 available)
  flutter_secure_storage_web 1.2.1 (2.1.1 available)
  flutter_secure_storage_windows 3.1.2 (4.2.2 available)
  flutter_svg 2.2.0 (2.3.0 available)
  flutter_webrtc 0.12.11 (1.6.0 available)
  hooks 2.0.2 (2.2.0 available)
  image_cropper 9.1.0 (12.2.1 available)
  image_cropper_for_web 6.1.0 (7.0.0 available)
  image_cropper_platform_interface 7.2.0 (8.0.0 available)
  image_picker 1.1.2 (1.2.3 available)
  intl 0.20.2 (0.20.3 available)
  js 0.6.7 (0.7.2 available)
  lints 5.1.1 (6.1.0 available)
  matcher 0.12.19 (0.12.20 available)
  material_color_utilities 0.13.0 (0.13.1 available)
  matrix 0.34.0 (10.2.2 available)
  meta 1.18.0 (1.19.0 available)
  objective_c 9.5.0 (9.6.0 available)
  olm 2.0.4 (3.1.0 available)
  path_provider 2.1.5 (2.1.6 available)
  record_use 0.6.0 (1.1.1 available)
  shared_preferences 2.5.3 (2.5.5 available)
  sqflite_common_ffi 2.3.6 (2.4.2+1 available)
  sqlcipher_flutter_libs 0.6.8 (0.7.0+eol available)
  sqlite3 2.9.4 (3.5.2 available)
  stack_trace 1.12.1 (1.12.2 available)
  test_api 0.7.11 (0.7.13 available)
  timezone 0.10.1 (0.11.1 available)
  url_launcher 6.3.1 (6.3.2 available)
  vector_math 2.2.0 (2.4.2 available)
  win32 5.15.0 (6.4.0 available)
  xml 6.6.1 (7.0.1 available)
Got dependencies!
48 packages have newer versions incompatible with dependency constraints.
Try `flutter pub outdated` for more information.
00:00 +0: loading D:/pythonProject/outsource/StarChat/apps/mobile_flutter/test/ui/chat_composer_bar_test.dart
00:00 +0: send is visible whenever the composer has text including emoji
00:00 +1: composer keeps voice input emoji trailing DOM order
00:00 +2: focused text replaces more with send
00:00 +3: emoji without focus replaces more with pressed send
00:00 +4: voice panel hides send and keyboard-only toggling is exposed
00:00 +5: tapping the mic button switches to the hold-to-talk field
══╡ EXCEPTION CAUGHT BY FLUTTER TEST FRAMEWORK ╞════════════════════════════════════════════════════
The following TestFailure was thrown running a test:
Expected: <1>
  Actual: <0>

When the exception was thrown, this was the stack:
#4      main.<anonymous closure> (file:///D:/pythonProject/outsource/StarChat/apps/mobile_flutter/test/ui/chat_composer_bar_test.dart:222:5)
<asynchronous suspension>
#5      testWidgets.<anonymous closure>.<anonymous closure> (package:flutter_test/src/widget_tester.dart:192:15)
<asynchronous suspension>
#6      TestWidgetsFlutterBinding._runTestBody (package:flutter_test/src/binding.dart:1952:5)
<asynchronous suspension>
<asynchronous suspension>
(elided one frame from package:stack_trace)

This was caught by the test expectation on the following line:
  file:///D:/pythonProject/outsource/StarChat/apps/mobile_flutter/test/ui/chat_composer_bar_test.dart line 222
The test description was:
  tapping the mic button switches to the hold-to-talk field
════════════════════════════════════════════════════════════════════════════════════════════════════
00:00 +5 -1: tapping the mic button switches to the hold-to-talk field [E]
  Test failed. See exception logs above.
  The test description was: tapping the mic button switches to the hold-to-talk field
  
00:00 +5 -1: voice panel replaces the input with the hold-to-talk field
00:00 +6 -1: hold drag up arms cancel and release cancels the voice
00:00 +7 -1: release without drag sends the voice
00:00 +8 -1: Some tests failed.

Failing tests:
  D:/pythonProject/outsource/StarChat/apps/mobile_flutter/test/ui/chat_composer_bar_test.dart: tapping the mic button switches to the hold-to-talk field
