Flutter assets will be downloaded from https://storage.flutter-io.cn. Make sure you trust this source!
Resolving dependencies...
Downloading packages...
  cached_network_image 3.4.1 (4.0.0 available)
  cached_network_image_platform_interface 4.1.1 (5.0.0 available)
  cached_network_image_web 1.3.1 (2.0.0 available)
  cli_util 0.4.2 (0.6.0 available)
  clock 1.1.2 (1.1.3 available)
  code_assets 1.2.1 (2.0.0 available)
  emoji_picker_flutter 4.5.3 (4.5.4 available)
  flutter_cache_manager 3.4.1 (3.4.2 available)
  flutter_image_compress 2.3.0 (2.5.1 available)
  flutter_lints 5.0.0 (6.0.0 available)
  flutter_local_notifications 19.4.2 (22.3.0 available)
  flutter_local_notifications_linux 6.0.0 (8.0.1 available)
  flutter_local_notifications_platform_interface 9.1.0 (12.2.0 available)
  flutter_local_notifications_windows 1.0.3 (3.1.1 available)
  flutter_secure_storage 9.2.4 (11.0.0 available)
  flutter_secure_storage_linux 1.2.3 (3.0.2 available)
  flutter_secure_storage_macos 3.1.3 (4.0.0 available)
  flutter_secure_storage_platform_interface 1.1.2 (2.0.3 available)
  flutter_secure_storage_web 1.2.1 (2.1.1 available)
  flutter_secure_storage_windows 3.1.2 (4.2.2 available)
  flutter_svg 2.2.0 (2.3.0 available)
  flutter_webrtc 0.12.11 (1.6.1 available)
  hooks 2.0.2 (2.2.0 available)
  image_picker 1.1.2 (1.2.3 available)
  intl 0.20.2 (0.20.3 available)
  js 0.6.7 (0.7.2 available)
  lints 5.1.1 (6.1.0 available)
  matcher 0.12.19 (0.12.20 available)
  material_color_utilities 0.13.0 (0.13.1 available)
  matrix 0.34.0 (12.0.1 available)
  meta 1.18.0 (1.19.0 available)
  mobile_scanner 5.2.3 (7.4.0 available)
  objective_c 9.5.0 (9.6.0 available)
  olm 2.0.4 (3.1.0 available)
  package_info_plus 8.3.0 (10.2.1 available)
  package_info_plus_platform_interface 3.2.1 (4.1.0 available)
  path_provider 2.1.5 (2.1.6 available)
  path_provider_platform_interface 2.1.2 (2.1.3 available)
  permission_handler 12.0.1 (13.0.2 available)
  permission_handler_android 13.0.1 (14.1.0 available)
  qr 3.0.2 (4.0.0 available)
  record_use 0.6.0 (1.1.1 available)
  shared_preferences 2.5.3 (2.5.5 available)
  sqflite_common_ffi 2.3.6 (2.4.2+1 available)
  sqlcipher_flutter_libs 0.6.8 (0.7.0+eol available)
  sqlite3 2.9.4 (3.5.2 available)
  stack_trace 1.12.1 (1.12.2 available)
  test_api 0.7.11 (0.7.14 available)
  timezone 0.10.1 (0.11.1 available)
  url_launcher 6.3.1 (6.3.2 available)
  vector_math 2.2.0 (2.4.2 available)
  wakelock_plus 1.3.3 (1.8.0 available)
  win32 5.15.0 (6.4.0 available)
  xml 6.6.1 (7.0.1 available)
Got dependencies!
54 packages have newer versions incompatible with dependency constraints.
Try `flutter pub outdated` for more information.
00:00 +0: loading D:/pythonProject/outsource/StarChat/apps/mobile_flutter/test/features/matrix/group_member_profile_test.dart
00:00 +0: D:/pythonProject/outsource/StarChat/apps/mobile_flutter/test/features/matrix/group_member_profile_test.dart: 非好友群成员 → 反查后进入用户资料页，添加按钮可用
00:00 +1: D:/pythonProject/outsource/StarChat/apps/mobile_flutter/test/features/matrix/group_member_profile_test.dart: 非好友群成员 → 反查后进入用户资料页，添加按钮可用
00:00 +2: D:/pythonProject/outsource/StarChat/apps/mobile_flutter/test/features/matrix/group_member_profile_test.dart: 非好友群成员 → 反查后进入用户资料页，添加按钮可用
00:00 +3: D:/pythonProject/outsource/StarChat/apps/mobile_flutter/test/features/matrix/group_member_profile_test.dart: 非好友群成员 → 反查后进入用户资料页，添加按钮可用
00:00 +4: D:/pythonProject/outsource/StarChat/apps/mobile_flutter/test/features/matrix/group_member_profile_test.dart: 非好友群成员 → 反查后进入用户资料页，添加按钮可用
00:00 +5: D:/pythonProject/outsource/StarChat/apps/mobile_flutter/test/features/matrix/group_member_profile_test.dart: 非好友群成员 → 反查后进入用户资料页，添加按钮可用
00:00 +6: D:/pythonProject/outsource/StarChat/apps/mobile_flutter/test/features/matrix/group_member_profile_test.dart: 非好友群成员 → 反查后进入用户资料页，添加按钮可用
00:00 +7: D:/pythonProject/outsource/StarChat/apps/mobile_flutter/test/features/matrix/group_member_profile_test.dart: 非好友群成员 → 反查后进入用户资料页，添加按钮可用
00:00 +8: D:/pythonProject/outsource/StarChat/apps/mobile_flutter/test/features/matrix/group_member_profile_test.dart: 非好友群成员 → 反查后进入用户资料页，添加按钮可用
00:00 +9: D:/pythonProject/outsource/StarChat/apps/mobile_flutter/test/features/matrix/group_member_profile_test.dart: 非好友群成员 → 反查后进入用户资料页，添加按钮可用
00:00 +10: D:/pythonProject/outsource/StarChat/apps/mobile_flutter/test/features/matrix/group_member_profile_test.dart: 非好友群成员 → 反查后进入用户资料页，添加按钮可用
00:00 +11: D:/pythonProject/outsource/StarChat/apps/mobile_flutter/test/features/matrix/group_member_profile_test.dart: 非好友群成员 → 反查后进入用户资料页，添加按钮可用
00:00 +12: D:/pythonProject/outsource/StarChat/apps/mobile_flutter/test/features/matrix/group_member_profile_test.dart: 好友群成员 → 打开好友资料页，不做反查
00:00 +13: D:/pythonProject/outsource/StarChat/apps/mobile_flutter/test/features/matrix/group_member_profile_test.dart: 自己不可点击（无导航、无反查）
00:00 +14: D:/pythonProject/outsource/StarChat/apps/mobile_flutter/test/features/matrix/group_member_profile_test.dart: 反查失败（不存在/拉黑）→ 提示对话框，不进入资料页
00:00 +15: All tests passed!
