Flutter assets will be downloaded from https://storage.flutter-io.cn. Make sure you trust this source!
00:00 +0: loading D:/pythonProject/outsource/StarChat/docs/verification/artifacts/2026-09-05/gallery-call-audit/resume_audit_test.dart
00:00 +0: audit: resume ringing must restore incoming page
[chatflow/calldiag] incoming_ui_shown
══╡ EXCEPTION CAUGHT BY FLUTTER TEST FRAMEWORK ╞════════════════════════════════════════════════════
The following TestFailure was thrown running a test:
Expected: true
  Actual: <false>
Resuming while still ringing must open the call page before dismissing notification

When the exception was thrown, this was the stack:
#4      main.<anonymous closure> (file:///D:/pythonProject/outsource/StarChat/docs/verification/artifacts/2026-09-05/gallery-call-audit/resume_audit_test.dart:114:5)
<asynchronous suspension>
#5      testWidgets.<anonymous closure>.<anonymous closure> (package:flutter_test/src/widget_tester.dart:192:15)
<asynchronous suspension>
#6      TestWidgetsFlutterBinding._runTestBody (package:flutter_test/src/binding.dart:1952:5)
<asynchronous suspension>
<asynchronous suspension>
(elided one frame from package:stack_trace)

This was caught by the test expectation on the following line:
  file:///D:/pythonProject/outsource/StarChat/docs/verification/artifacts/2026-09-05/gallery-call-audit/resume_audit_test.dart line 114
The test description was:
  audit: resume ringing must restore incoming page
════════════════════════════════════════════════════════════════════════════════════════════════════
00:00 +0 -1: audit: resume ringing must restore incoming page [E]
  Test failed. See exception logs above.
  The test description was: audit: resume ringing must restore incoming page
  
00:00 +0 -1: Some tests failed.

Failing tests:
  D:/pythonProject/outsource/StarChat/docs/verification/artifacts/2026-09-05/gallery-call-audit/resume_audit_test.dart: audit: resume ringing must restore incoming page
