         To avoid this, use --strip to remove it.
Running Gradle task 'assembleStandardRelease'...                   89.4s
√ Built build\app\outputs\flutter-apk\app-armeabi-v7a-standard-release.apk (50.6MB)
√ Built build\app\outputs\flutter-apk\app-arm64-v8a-standard-release.apk (60.8MB)
√ Built build\app\outputs\flutter-apk\app-x86_64-standard-release.apk (65.8MB)
APK_MANIFEST_OK arm64-v8a 0.3.32/2035
APK_ORIGIN_OK ChatFlow-0.3.32-arm64.apk https://liuhetong888.com
APK_MANIFEST_OK armeabi-v7a 0.3.32/1035
APK_ORIGIN_OK ChatFlow-0.3.32-arm32.apk https://liuhetong888.com
APK_MANIFEST_OK x86_64 0.3.32/4035
APK_ORIGIN_OK ChatFlow-0.3.32-x86_64.apk https://liuhetong888.com
APK=D:\pythonProject\outsource\StarChat\apps\mobile_flutter\build\app\outputs\flutter-apk\ChatFlow-0.3.32-arm64.apk
APK_BYTES=63761120
APK_SHA256=48752C843BE79B0B39785EF2F67E2D21B7A0273DCA0A8352E7BD7B9E14A47780
PUBLISHED_ABI=arm64-v8a -> ChatFlow-0.3.32-arm64.apk
PUBLISHED_ABI=armeabi-v7a -> ChatFlow-0.3.32-arm32.apk
PUBLISHED_ABI=x86_64 -> ChatFlow-0.3.32-x86_64.apk
APK_VERSION=0.3.32+35
PUBLIC_ORIGIN=https://liuhetong888.com
BUILD_MODE=Release
